             VMA              LMA     Size Align Out     In      Symbol
               0                0   100000     1 . = 0x100000
          100000                0        0     1 . = ALIGN ( 16 )
          100000                0        0     1 __bss_start = .
          100000                0        0     1 __bss_end = .
          100000           100000       a4     4 .rodata._ZN41_$LT$char$u20$as$u20$core..fmt..Debug$GT$3fmt17h03ffa312252bb15eE
          100000           100000       a4     4         /home/totsugeki/workspace/hobby/htos/target/x64/release/deps/htkernel-3b0038f950045c0a.htkernel.67fc6965-cgu.0.rcgu.o:(.rodata._ZN41_$LT$char$u20$as$u20$core..fmt..Debug$GT$3fmt17h03ffa312252bb15eE)
          1000a4           1000a4       2b     1 .rodata..Lanon.5c1bcb1d07bdf0443215d79f039c4231.3
          1000a4           1000a4       2b     1         /home/totsugeki/workspace/hobby/htos/target/x64/release/deps/htkernel-3b0038f950045c0a.htkernel.67fc6965-cgu.0.rcgu.o:(.rodata..Lanon.5c1bcb1d07bdf0443215d79f039c4231.3)
          1000cf           1000cf       63     1 .rodata..Lanon.5c1bcb1d07bdf0443215d79f039c4231.6
          1000cf           1000cf       63     1         /home/totsugeki/workspace/hobby/htos/target/x64/release/deps/htkernel-3b0038f950045c0a.htkernel.67fc6965-cgu.0.rcgu.o:(.rodata..Lanon.5c1bcb1d07bdf0443215d79f039c4231.6)
          100132           100132       38     1 .rodata.cst8
          100132           100132       38     1         <internal>:(.rodata.cst8)
          10016a           10016a       12     1 .rodata..Lanon.5c1bcb1d07bdf0443215d79f039c4231.13
          10016a           10016a       12     1         /home/totsugeki/workspace/hobby/htos/target/x64/release/deps/htkernel-3b0038f950045c0a.htkernel.67fc6965-cgu.0.rcgu.o:(.rodata..Lanon.5c1bcb1d07bdf0443215d79f039c4231.13)
          10017c           10017c       40     1 .rodata.cst16
          10017c           10017c       40     1         <internal>:(.rodata.cst16)
          1001bc           1001bc     1000     1 .rodata..Lanon.5c1bcb1d07bdf0443215d79f039c4231.18
          1001bc           1001bc     1000     1         /home/totsugeki/workspace/hobby/htos/target/x64/release/deps/htkernel-3b0038f950045c0a.htkernel.67fc6965-cgu.0.rcgu.o:(.rodata..Lanon.5c1bcb1d07bdf0443215d79f039c4231.18)
          1011bc           1011bc     5000     1 .rodata._ZN8htkernel4arch3x643gdt5STACK17hed486cb5b6f29cb1E
          1011bc           1011bc     5000     1         /home/totsugeki/workspace/hobby/htos/target/x64/release/deps/htkernel-3b0038f950045c0a.htkernel.67fc6965-cgu.0.rcgu.o:(.rodata._ZN8htkernel4arch3x643gdt5STACK17hed486cb5b6f29cb1E)
          1011bc           1011bc     5000     1                 htkernel::arch::x64::gdt::STACK::hed486cb5b6f29cb1
          1061bc           1061bc       18     1 .rodata..Lanon.5c1bcb1d07bdf0443215d79f039c4231.19
          1061bc           1061bc       18     1         /home/totsugeki/workspace/hobby/htos/target/x64/release/deps/htkernel-3b0038f950045c0a.htkernel.67fc6965-cgu.0.rcgu.o:(.rodata..Lanon.5c1bcb1d07bdf0443215d79f039c4231.19)
          1061d4           1061d4       1d     1 .rodata..Lanon.5c1bcb1d07bdf0443215d79f039c4231.22
          1061d4           1061d4       1d     1         /home/totsugeki/workspace/hobby/htos/target/x64/release/deps/htkernel-3b0038f950045c0a.htkernel.67fc6965-cgu.0.rcgu.o:(.rodata..Lanon.5c1bcb1d07bdf0443215d79f039c4231.22)
          1061f1           1061f1       11     1 .rodata..Lanon.5c1bcb1d07bdf0443215d79f039c4231.24
          1061f1           1061f1       11     1         /home/totsugeki/workspace/hobby/htos/target/x64/release/deps/htkernel-3b0038f950045c0a.htkernel.67fc6965-cgu.0.rcgu.o:(.rodata..Lanon.5c1bcb1d07bdf0443215d79f039c4231.24)
          106202           106202        1     1 .rodata..Lanon.5c1bcb1d07bdf0443215d79f039c4231.27
          106202           106202        1     1         /home/totsugeki/workspace/hobby/htos/target/x64/release/deps/htkernel-3b0038f950045c0a.htkernel.67fc6965-cgu.0.rcgu.o:(.rodata..Lanon.5c1bcb1d07bdf0443215d79f039c4231.27)
          106203           106203       22     1 .rodata..Lanon.5c1bcb1d07bdf0443215d79f039c4231.29
          106203           106203       22     1         /home/totsugeki/workspace/hobby/htos/target/x64/release/deps/htkernel-3b0038f950045c0a.htkernel.67fc6965-cgu.0.rcgu.o:(.rodata..Lanon.5c1bcb1d07bdf0443215d79f039c4231.29)
          106225           106225       16     1 .rodata..Lanon.5c1bcb1d07bdf0443215d79f039c4231.31
          106225           106225       16     1         /home/totsugeki/workspace/hobby/htos/target/x64/release/deps/htkernel-3b0038f950045c0a.htkernel.67fc6965-cgu.0.rcgu.o:(.rodata..Lanon.5c1bcb1d07bdf0443215d79f039c4231.31)
          10623b           10623b       14     1 .rodata..Lanon.5c1bcb1d07bdf0443215d79f039c4231.33
          10623b           10623b       14     1         /home/totsugeki/workspace/hobby/htos/target/x64/release/deps/htkernel-3b0038f950045c0a.htkernel.67fc6965-cgu.0.rcgu.o:(.rodata..Lanon.5c1bcb1d07bdf0443215d79f039c4231.33)
          10624f           10624f       40     1 .rodata.cst32
          10624f           10624f       40     1         <internal>:(.rodata.cst32)
          10628f           10628f       18     1 .rodata..Lanon.5c1bcb1d07bdf0443215d79f039c4231.39
          10628f           10628f       18     1         /home/totsugeki/workspace/hobby/htos/target/x64/release/deps/htkernel-3b0038f950045c0a.htkernel.67fc6965-cgu.0.rcgu.o:(.rodata..Lanon.5c1bcb1d07bdf0443215d79f039c4231.39)
          1062a7           1062a7        9     1 .rodata..Lanon.5c1bcb1d07bdf0443215d79f039c4231.42
          1062a7           1062a7        9     1         /home/totsugeki/workspace/hobby/htos/target/x64/release/deps/htkernel-3b0038f950045c0a.htkernel.67fc6965-cgu.0.rcgu.o:(.rodata..Lanon.5c1bcb1d07bdf0443215d79f039c4231.42)
          1062b0           1062b0       19     1 .rodata..Lanon.5c1bcb1d07bdf0443215d79f039c4231.45
          1062b0           1062b0       19     1         /home/totsugeki/workspace/hobby/htos/target/x64/release/deps/htkernel-3b0038f950045c0a.htkernel.67fc6965-cgu.0.rcgu.o:(.rodata..Lanon.5c1bcb1d07bdf0443215d79f039c4231.45)
          1062c9           1062c9        b     1 .rodata..Lanon.5c1bcb1d07bdf0443215d79f039c4231.47
          1062c9           1062c9        b     1         /home/totsugeki/workspace/hobby/htos/target/x64/release/deps/htkernel-3b0038f950045c0a.htkernel.67fc6965-cgu.0.rcgu.o:(.rodata..Lanon.5c1bcb1d07bdf0443215d79f039c4231.47)
          1062d4           1062d4       18     1 .rodata..Lanon.5c1bcb1d07bdf0443215d79f039c4231.51
          1062d4           1062d4       18     1         /home/totsugeki/workspace/hobby/htos/target/x64/release/deps/htkernel-3b0038f950045c0a.htkernel.67fc6965-cgu.0.rcgu.o:(.rodata..Lanon.5c1bcb1d07bdf0443215d79f039c4231.51)
          1062ec           1062ec        c     1 .rodata..Lanon.5c1bcb1d07bdf0443215d79f039c4231.54
          1062ec           1062ec        c     1         /home/totsugeki/workspace/hobby/htos/target/x64/release/deps/htkernel-3b0038f950045c0a.htkernel.67fc6965-cgu.0.rcgu.o:(.rodata..Lanon.5c1bcb1d07bdf0443215d79f039c4231.54)
          1062f8           1062f8        2     1 .rodata..Lanon.7e63609a1a580db8e1e66f8ab61ad63b.130
          1062f8           1062f8        2     1         /home/totsugeki/workspace/hobby/htos/target/x64/release/deps/htkernel-3b0038f950045c0a.htkernel.67fc6965-cgu.0.rcgu.o:(.rodata..Lanon.7e63609a1a580db8e1e66f8ab61ad63b.130)
          1062fa           1062fa       2b     1 .rodata..Lanon.7e63609a1a580db8e1e66f8ab61ad63b.163
          1062fa           1062fa       2b     1         /home/totsugeki/workspace/hobby/htos/target/x64/release/deps/htkernel-3b0038f950045c0a.htkernel.67fc6965-cgu.0.rcgu.o:(.rodata..Lanon.7e63609a1a580db8e1e66f8ab61ad63b.163)
          106325           106325        1     1 .rodata..Lanon.7e63609a1a580db8e1e66f8ab61ad63b.164
          106325           106325        1     1         /home/totsugeki/workspace/hobby/htos/target/x64/release/deps/htkernel-3b0038f950045c0a.htkernel.67fc6965-cgu.0.rcgu.o:(.rodata..Lanon.7e63609a1a580db8e1e66f8ab61ad63b.164)
          106326           106326        c     1 .rodata..Lanon.7e63609a1a580db8e1e66f8ab61ad63b.167
          106326           106326        c     1         /home/totsugeki/workspace/hobby/htos/target/x64/release/deps/htkernel-3b0038f950045c0a.htkernel.67fc6965-cgu.0.rcgu.o:(.rodata..Lanon.7e63609a1a580db8e1e66f8ab61ad63b.167)
          106332           106332        1     1 .rodata..Lanon.7e63609a1a580db8e1e66f8ab61ad63b.168
          106332           106332        1     1         /home/totsugeki/workspace/hobby/htos/target/x64/release/deps/htkernel-3b0038f950045c0a.htkernel.67fc6965-cgu.0.rcgu.o:(.rodata..Lanon.7e63609a1a580db8e1e66f8ab61ad63b.168)
          106333           106333        3     1 .rodata..Lanon.7e63609a1a580db8e1e66f8ab61ad63b.169
          106333           106333        3     1         /home/totsugeki/workspace/hobby/htos/target/x64/release/deps/htkernel-3b0038f950045c0a.htkernel.67fc6965-cgu.0.rcgu.o:(.rodata..Lanon.7e63609a1a580db8e1e66f8ab61ad63b.169)
          106336           106336       12     1 .rodata..Lanon.7e63609a1a580db8e1e66f8ab61ad63b.173
          106336           106336       12     1         /home/totsugeki/workspace/hobby/htos/target/x64/release/deps/htkernel-3b0038f950045c0a.htkernel.67fc6965-cgu.0.rcgu.o:(.rodata..Lanon.7e63609a1a580db8e1e66f8ab61ad63b.173)
          106348           106348        1     1 .rodata..Lanon.7e63609a1a580db8e1e66f8ab61ad63b.186
          106348           106348        1     1         /home/totsugeki/workspace/hobby/htos/target/x64/release/deps/htkernel-3b0038f950045c0a.htkernel.67fc6965-cgu.0.rcgu.o:(.rodata..Lanon.7e63609a1a580db8e1e66f8ab61ad63b.186)
          106349           106349        2     1 .rodata..Lanon.7e63609a1a580db8e1e66f8ab61ad63b.188
          106349           106349        2     1         /home/totsugeki/workspace/hobby/htos/target/x64/release/deps/htkernel-3b0038f950045c0a.htkernel.67fc6965-cgu.0.rcgu.o:(.rodata..Lanon.7e63609a1a580db8e1e66f8ab61ad63b.188)
          10634b           10634b        c     1 .rodata.cst4
          10634b           10634b        c     1         <internal>:(.rodata.cst4)
          106357           106357       79     1 .rodata..Lanon.7e63609a1a580db8e1e66f8ab61ad63b.192
          106357           106357       79     1         /home/totsugeki/workspace/hobby/htos/target/x64/release/deps/htkernel-3b0038f950045c0a.htkernel.67fc6965-cgu.0.rcgu.o:(.rodata..Lanon.7e63609a1a580db8e1e66f8ab61ad63b.192)
          1063d0           1063d0        3     1 .rodata..Lanon.7e63609a1a580db8e1e66f8ab61ad63b.195
          1063d0           1063d0        3     1         /home/totsugeki/workspace/hobby/htos/target/x64/release/deps/htkernel-3b0038f950045c0a.htkernel.67fc6965-cgu.0.rcgu.o:(.rodata..Lanon.7e63609a1a580db8e1e66f8ab61ad63b.195)
          1063d3           1063d3        2     1 .rodata..Lanon.7e63609a1a580db8e1e66f8ab61ad63b.196
          1063d3           1063d3        2     1         /home/totsugeki/workspace/hobby/htos/target/x64/release/deps/htkernel-3b0038f950045c0a.htkernel.67fc6965-cgu.0.rcgu.o:(.rodata..Lanon.7e63609a1a580db8e1e66f8ab61ad63b.196)
          1063d5           1063d5        2     1 .rodata..Lanon.7e63609a1a580db8e1e66f8ab61ad63b.197
          1063d5           1063d5        2     1         /home/totsugeki/workspace/hobby/htos/target/x64/release/deps/htkernel-3b0038f950045c0a.htkernel.67fc6965-cgu.0.rcgu.o:(.rodata..Lanon.7e63609a1a580db8e1e66f8ab61ad63b.197)
          1063d7           1063d7        3     1 .rodata..Lanon.7e63609a1a580db8e1e66f8ab61ad63b.198
          1063d7           1063d7        3     1         /home/totsugeki/workspace/hobby/htos/target/x64/release/deps/htkernel-3b0038f950045c0a.htkernel.67fc6965-cgu.0.rcgu.o:(.rodata..Lanon.7e63609a1a580db8e1e66f8ab61ad63b.198)
          1063da           1063da        1     1 .rodata..Lanon.7e63609a1a580db8e1e66f8ab61ad63b.200
          1063da           1063da        1     1         /home/totsugeki/workspace/hobby/htos/target/x64/release/deps/htkernel-3b0038f950045c0a.htkernel.67fc6965-cgu.0.rcgu.o:(.rodata..Lanon.7e63609a1a580db8e1e66f8ab61ad63b.200)
          1063db           1063db        2     1 .rodata..Lanon.7e63609a1a580db8e1e66f8ab61ad63b.203
          1063db           1063db        2     1         /home/totsugeki/workspace/hobby/htos/target/x64/release/deps/htkernel-3b0038f950045c0a.htkernel.67fc6965-cgu.0.rcgu.o:(.rodata..Lanon.7e63609a1a580db8e1e66f8ab61ad63b.203)
          1063dd           1063dd        2     1 .rodata..Lanon.7e63609a1a580db8e1e66f8ab61ad63b.204
          1063dd           1063dd        2     1         /home/totsugeki/workspace/hobby/htos/target/x64/release/deps/htkernel-3b0038f950045c0a.htkernel.67fc6965-cgu.0.rcgu.o:(.rodata..Lanon.7e63609a1a580db8e1e66f8ab61ad63b.204)
          1063df           1063df        1     1 .rodata..Lanon.7e63609a1a580db8e1e66f8ab61ad63b.205
          1063df           1063df        1     1         /home/totsugeki/workspace/hobby/htos/target/x64/release/deps/htkernel-3b0038f950045c0a.htkernel.67fc6965-cgu.0.rcgu.o:(.rodata..Lanon.7e63609a1a580db8e1e66f8ab61ad63b.205)
          1063e0           1063e0        1     1 .rodata..Lanon.7e63609a1a580db8e1e66f8ab61ad63b.206
          1063e0           1063e0        1     1         /home/totsugeki/workspace/hobby/htos/target/x64/release/deps/htkernel-3b0038f950045c0a.htkernel.67fc6965-cgu.0.rcgu.o:(.rodata..Lanon.7e63609a1a580db8e1e66f8ab61ad63b.206)
          1063e1           1063e1        1     1 .rodata..Lanon.7e63609a1a580db8e1e66f8ab61ad63b.207
          1063e1           1063e1        1     1         /home/totsugeki/workspace/hobby/htos/target/x64/release/deps/htkernel-3b0038f950045c0a.htkernel.67fc6965-cgu.0.rcgu.o:(.rodata..Lanon.7e63609a1a580db8e1e66f8ab61ad63b.207)
          1063e2           1063e2       74     1 .rodata..Lanon.7e63609a1a580db8e1e66f8ab61ad63b.221
          1063e2           1063e2       74     1         /home/totsugeki/workspace/hobby/htos/target/x64/release/deps/htkernel-3b0038f950045c0a.htkernel.67fc6965-cgu.0.rcgu.o:(.rodata..Lanon.7e63609a1a580db8e1e66f8ab61ad63b.221)
          106456           106456       c8     1 .rodata..Lanon.7e63609a1a580db8e1e66f8ab61ad63b.226
          106456           106456       c8     1         /home/totsugeki/workspace/hobby/htos/target/x64/release/deps/htkernel-3b0038f950045c0a.htkernel.67fc6965-cgu.0.rcgu.o:(.rodata..Lanon.7e63609a1a580db8e1e66f8ab61ad63b.226)
          10651e           10651e       79     1 .rodata..Lanon.7e63609a1a580db8e1e66f8ab61ad63b.242
          10651e           10651e       79     1         /home/totsugeki/workspace/hobby/htos/target/x64/release/deps/htkernel-3b0038f950045c0a.htkernel.67fc6965-cgu.0.rcgu.o:(.rodata..Lanon.7e63609a1a580db8e1e66f8ab61ad63b.242)
          106597           106597       12     1 .rodata..Lanon.7e63609a1a580db8e1e66f8ab61ad63b.247
          106597           106597       12     1         /home/totsugeki/workspace/hobby/htos/target/x64/release/deps/htkernel-3b0038f950045c0a.htkernel.67fc6965-cgu.0.rcgu.o:(.rodata..Lanon.7e63609a1a580db8e1e66f8ab61ad63b.247)
          1065a9           1065a9       22     1 .rodata..Lanon.7e63609a1a580db8e1e66f8ab61ad63b.248
          1065a9           1065a9       22     1         /home/totsugeki/workspace/hobby/htos/target/x64/release/deps/htkernel-3b0038f950045c0a.htkernel.67fc6965-cgu.0.rcgu.o:(.rodata..Lanon.7e63609a1a580db8e1e66f8ab61ad63b.248)
          1065cb           1065cb       16     1 .rodata..Lanon.7e63609a1a580db8e1e66f8ab61ad63b.252
          1065cb           1065cb       16     1         /home/totsugeki/workspace/hobby/htos/target/x64/release/deps/htkernel-3b0038f950045c0a.htkernel.67fc6965-cgu.0.rcgu.o:(.rodata..Lanon.7e63609a1a580db8e1e66f8ab61ad63b.252)
          1065e1           1065e1        d     1 .rodata..Lanon.7e63609a1a580db8e1e66f8ab61ad63b.253
          1065e1           1065e1        d     1         /home/totsugeki/workspace/hobby/htos/target/x64/release/deps/htkernel-3b0038f950045c0a.htkernel.67fc6965-cgu.0.rcgu.o:(.rodata..Lanon.7e63609a1a580db8e1e66f8ab61ad63b.253)
          1065ee           1065ee       7c     1 .rodata..Lanon.7e63609a1a580db8e1e66f8ab61ad63b.288
          1065ee           1065ee       7c     1         /home/totsugeki/workspace/hobby/htos/target/x64/release/deps/htkernel-3b0038f950045c0a.htkernel.67fc6965-cgu.0.rcgu.o:(.rodata..Lanon.7e63609a1a580db8e1e66f8ab61ad63b.288)
          10666a           10666a        5     1 .rodata..Lanon.7e63609a1a580db8e1e66f8ab61ad63b.317
          10666a           10666a        5     1         /home/totsugeki/workspace/hobby/htos/target/x64/release/deps/htkernel-3b0038f950045c0a.htkernel.67fc6965-cgu.0.rcgu.o:(.rodata..Lanon.7e63609a1a580db8e1e66f8ab61ad63b.317)
          10666f           10666f        b     1 .rodata..Lanon.7e63609a1a580db8e1e66f8ab61ad63b.318
          10666f           10666f        b     1         /home/totsugeki/workspace/hobby/htos/target/x64/release/deps/htkernel-3b0038f950045c0a.htkernel.67fc6965-cgu.0.rcgu.o:(.rodata..Lanon.7e63609a1a580db8e1e66f8ab61ad63b.318)
          10667a           10667a       16     1 .rodata..Lanon.7e63609a1a580db8e1e66f8ab61ad63b.319
          10667a           10667a       16     1         /home/totsugeki/workspace/hobby/htos/target/x64/release/deps/htkernel-3b0038f950045c0a.htkernel.67fc6965-cgu.0.rcgu.o:(.rodata..Lanon.7e63609a1a580db8e1e66f8ab61ad63b.319)
          106690           106690        e     1 .rodata..Lanon.7e63609a1a580db8e1e66f8ab61ad63b.321
          106690           106690        e     1         /home/totsugeki/workspace/hobby/htos/target/x64/release/deps/htkernel-3b0038f950045c0a.htkernel.67fc6965-cgu.0.rcgu.o:(.rodata..Lanon.7e63609a1a580db8e1e66f8ab61ad63b.321)
          10669e           10669e       26     1 .rodata..Lanon.7e63609a1a580db8e1e66f8ab61ad63b.325
          10669e           10669e       26     1         /home/totsugeki/workspace/hobby/htos/target/x64/release/deps/htkernel-3b0038f950045c0a.htkernel.67fc6965-cgu.0.rcgu.o:(.rodata..Lanon.7e63609a1a580db8e1e66f8ab61ad63b.325)
          1066c4           1066c4        6     1 .rodata..Lanon.7e63609a1a580db8e1e66f8ab61ad63b.327
          1066c4           1066c4        6     1         /home/totsugeki/workspace/hobby/htos/target/x64/release/deps/htkernel-3b0038f950045c0a.htkernel.67fc6965-cgu.0.rcgu.o:(.rodata..Lanon.7e63609a1a580db8e1e66f8ab61ad63b.327)
          1066ca           1066ca       7e     1 .rodata..Lanon.7e63609a1a580db8e1e66f8ab61ad63b.351
          1066ca           1066ca       7e     1         /home/totsugeki/workspace/hobby/htos/target/x64/release/deps/htkernel-3b0038f950045c0a.htkernel.67fc6965-cgu.0.rcgu.o:(.rodata..Lanon.7e63609a1a580db8e1e66f8ab61ad63b.351)
          106748           106748       50     1 .rodata..Lanon.7e63609a1a580db8e1e66f8ab61ad63b.354
          106748           106748       50     1         /home/totsugeki/workspace/hobby/htos/target/x64/release/deps/htkernel-3b0038f950045c0a.htkernel.67fc6965-cgu.0.rcgu.o:(.rodata..Lanon.7e63609a1a580db8e1e66f8ab61ad63b.354)
          106798           106798      120     1 .rodata..Lanon.7e63609a1a580db8e1e66f8ab61ad63b.355
          106798           106798      120     1         /home/totsugeki/workspace/hobby/htos/target/x64/release/deps/htkernel-3b0038f950045c0a.htkernel.67fc6965-cgu.0.rcgu.o:(.rodata..Lanon.7e63609a1a580db8e1e66f8ab61ad63b.355)
          1068b8           1068b8      12f     1 .rodata..Lanon.7e63609a1a580db8e1e66f8ab61ad63b.356
          1068b8           1068b8      12f     1         /home/totsugeki/workspace/hobby/htos/target/x64/release/deps/htkernel-3b0038f950045c0a.htkernel.67fc6965-cgu.0.rcgu.o:(.rodata..Lanon.7e63609a1a580db8e1e66f8ab61ad63b.356)
          1069e7           1069e7       54     1 .rodata..Lanon.7e63609a1a580db8e1e66f8ab61ad63b.357
          1069e7           1069e7       54     1         /home/totsugeki/workspace/hobby/htos/target/x64/release/deps/htkernel-3b0038f950045c0a.htkernel.67fc6965-cgu.0.rcgu.o:(.rodata..Lanon.7e63609a1a580db8e1e66f8ab61ad63b.357)
          106a3b           106a3b       c0     1 .rodata..Lanon.7e63609a1a580db8e1e66f8ab61ad63b.358
          106a3b           106a3b       c0     1         /home/totsugeki/workspace/hobby/htos/target/x64/release/deps/htkernel-3b0038f950045c0a.htkernel.67fc6965-cgu.0.rcgu.o:(.rodata..Lanon.7e63609a1a580db8e1e66f8ab61ad63b.358)
          106afb           106afb      1b6     1 .rodata..Lanon.7e63609a1a580db8e1e66f8ab61ad63b.359
          106afb           106afb      1b6     1         /home/totsugeki/workspace/hobby/htos/target/x64/release/deps/htkernel-3b0038f950045c0a.htkernel.67fc6965-cgu.0.rcgu.o:(.rodata..Lanon.7e63609a1a580db8e1e66f8ab61ad63b.359)
          106cb1           106cb1       81     1 .rodata..Lanon.7e63609a1a580db8e1e66f8ab61ad63b.360
          106cb1           106cb1       81     1         /home/totsugeki/workspace/hobby/htos/target/x64/release/deps/htkernel-3b0038f950045c0a.htkernel.67fc6965-cgu.0.rcgu.o:(.rodata..Lanon.7e63609a1a580db8e1e66f8ab61ad63b.360)
          106d32           106d32        5     1 .rodata..Lanon.7e63609a1a580db8e1e66f8ab61ad63b.553
          106d32           106d32        5     1         /home/totsugeki/workspace/hobby/htos/target/x64/release/deps/htkernel-3b0038f950045c0a.htkernel.67fc6965-cgu.0.rcgu.o:(.rodata..Lanon.7e63609a1a580db8e1e66f8ab61ad63b.553)
          106d38           106d38       80     4 .rodata._ZN4core7unicode12unicode_data15grapheme_extend17SHORT_OFFSET_RUNS17hfd7e56c92b5800d3E
          106d38           106d38       80     4         /home/totsugeki/workspace/hobby/htos/target/x64/release/deps/htkernel-3b0038f950045c0a.htkernel.67fc6965-cgu.0.rcgu.o:(.rodata._ZN4core7unicode12unicode_data15grapheme_extend17SHORT_OFFSET_RUNS17hfd7e56c92b5800d3E)
          106d38           106d38       80     1                 core::unicode::unicode_data::grapheme_extend::SHORT_OFFSET_RUNS::hfd7e56c92b5800d3
          106db8           106db8      2c3     1 .rodata._ZN4core7unicode12unicode_data15grapheme_extend7OFFSETS17he2c7a2d8d35d38a3E
          106db8           106db8      2c3     1         /home/totsugeki/workspace/hobby/htos/target/x64/release/deps/htkernel-3b0038f950045c0a.htkernel.67fc6965-cgu.0.rcgu.o:(.rodata._ZN4core7unicode12unicode_data15grapheme_extend7OFFSETS17he2c7a2d8d35d38a3E)
          106db8           106db8      2c3     1                 core::unicode::unicode_data::grapheme_extend::OFFSETS::he2c7a2d8d35d38a3
          10707b           10707b       4a     1 .rodata..Lanon.cb97baa4571f0567850462c19c6bde7e.9
          10707b           10707b       4a     1         /home/totsugeki/workspace/hobby/htos/target/x64/release/deps/htkernel-3b0038f950045c0a.htkernel.67fc6965-cgu.0.rcgu.o:(.rodata..Lanon.cb97baa4571f0567850462c19c6bde7e.9)
          1070c5           1070c5       59     1 .rodata..Lanon.cb97baa4571f0567850462c19c6bde7e.10
          1070c5           1070c5       59     1         /home/totsugeki/workspace/hobby/htos/target/x64/release/deps/htkernel-3b0038f950045c0a.htkernel.67fc6965-cgu.0.rcgu.o:(.rodata..Lanon.cb97baa4571f0567850462c19c6bde7e.10)
          107120           107120        0     8 .rodata..Lanon.cb97baa4571f0567850462c19c6bde7e.13
          107120           107120        0     8         /home/totsugeki/workspace/hobby/htos/target/x64/release/deps/htkernel-3b0038f950045c0a.htkernel.67fc6965-cgu.0.rcgu.o:(.rodata..Lanon.cb97baa4571f0567850462c19c6bde7e.13)
          107120           107120       38     8 .rodata..Lanon.cb97baa4571f0567850462c19c6bde7e.15
          107120           107120       38     8         /home/totsugeki/workspace/hobby/htos/target/x64/release/deps/htkernel-3b0038f950045c0a.htkernel.67fc6965-cgu.0.rcgu.o:(.rodata..Lanon.cb97baa4571f0567850462c19c6bde7e.15)
          107158           107158       13     1 .rodata..Lanon.cb97baa4571f0567850462c19c6bde7e.31
          107158           107158       13     1         /home/totsugeki/workspace/hobby/htos/target/x64/release/deps/htkernel-3b0038f950045c0a.htkernel.67fc6965-cgu.0.rcgu.o:(.rodata..Lanon.cb97baa4571f0567850462c19c6bde7e.31)
          10716b           10716b       13     1 .rodata..Lanon.cb97baa4571f0567850462c19c6bde7e.32
          10716b           10716b       13     1         /home/totsugeki/workspace/hobby/htos/target/x64/release/deps/htkernel-3b0038f950045c0a.htkernel.67fc6965-cgu.0.rcgu.o:(.rodata..Lanon.cb97baa4571f0567850462c19c6bde7e.32)
          10717e           10717e        c     1 .rodata..Lanon.cb97baa4571f0567850462c19c6bde7e.34
          10717e           10717e        c     1         /home/totsugeki/workspace/hobby/htos/target/x64/release/deps/htkernel-3b0038f950045c0a.htkernel.67fc6965-cgu.0.rcgu.o:(.rodata..Lanon.cb97baa4571f0567850462c19c6bde7e.34)
          10718a           10718a        9     1 .rodata..Lanon.cb97baa4571f0567850462c19c6bde7e.36
          10718a           10718a        9     1         /home/totsugeki/workspace/hobby/htos/target/x64/release/deps/htkernel-3b0038f950045c0a.htkernel.67fc6965-cgu.0.rcgu.o:(.rodata..Lanon.cb97baa4571f0567850462c19c6bde7e.36)
          107193           107193        d     1 .rodata..Lanon.cb97baa4571f0567850462c19c6bde7e.38
          107193           107193        d     1         /home/totsugeki/workspace/hobby/htos/target/x64/release/deps/htkernel-3b0038f950045c0a.htkernel.67fc6965-cgu.0.rcgu.o:(.rodata..Lanon.cb97baa4571f0567850462c19c6bde7e.38)
          1071a0           1071a0        d     1 .rodata..Lanon.cb97baa4571f0567850462c19c6bde7e.39
          1071a0           1071a0        d     1         /home/totsugeki/workspace/hobby/htos/target/x64/release/deps/htkernel-3b0038f950045c0a.htkernel.67fc6965-cgu.0.rcgu.o:(.rodata..Lanon.cb97baa4571f0567850462c19c6bde7e.39)
          1071ad           1071ad        e     1 .rodata..Lanon.cb97baa4571f0567850462c19c6bde7e.67
          1071ad           1071ad        e     1         /home/totsugeki/workspace/hobby/htos/target/x64/release/deps/htkernel-3b0038f950045c0a.htkernel.67fc6965-cgu.0.rcgu.o:(.rodata..Lanon.cb97baa4571f0567850462c19c6bde7e.67)
          1071bb           1071bb        5     1 .rodata..Lanon.cb97baa4571f0567850462c19c6bde7e.70
          1071bb           1071bb        5     1         /home/totsugeki/workspace/hobby/htos/target/x64/release/deps/htkernel-3b0038f950045c0a.htkernel.67fc6965-cgu.0.rcgu.o:(.rodata..Lanon.cb97baa4571f0567850462c19c6bde7e.70)
          1071c0           1071c0        3     1 .rodata..Lanon.cb97baa4571f0567850462c19c6bde7e.90
          1071c0           1071c0        3     1         /home/totsugeki/workspace/hobby/htos/target/x64/release/deps/htkernel-3b0038f950045c0a.htkernel.67fc6965-cgu.0.rcgu.o:(.rodata..Lanon.cb97baa4571f0567850462c19c6bde7e.90)
          1071c3           1071c3        2     1 .rodata..Lanon.cb97baa4571f0567850462c19c6bde7e.102
          1071c3           1071c3        2     1         /home/totsugeki/workspace/hobby/htos/target/x64/release/deps/htkernel-3b0038f950045c0a.htkernel.67fc6965-cgu.0.rcgu.o:(.rodata..Lanon.cb97baa4571f0567850462c19c6bde7e.102)
          1071c5           1071c5        7     1 .rodata..Lanon.cb97baa4571f0567850462c19c6bde7e.103
          1071c5           1071c5        7     1         /home/totsugeki/workspace/hobby/htos/target/x64/release/deps/htkernel-3b0038f950045c0a.htkernel.67fc6965-cgu.0.rcgu.o:(.rodata..Lanon.cb97baa4571f0567850462c19c6bde7e.103)
          1071cc           1071cc        7     1 .rodata..Lanon.cb97baa4571f0567850462c19c6bde7e.200
          1071cc           1071cc        7     1         /home/totsugeki/workspace/hobby/htos/target/x64/release/deps/htkernel-3b0038f950045c0a.htkernel.67fc6965-cgu.0.rcgu.o:(.rodata..Lanon.cb97baa4571f0567850462c19c6bde7e.200)
          1071d3           1071d3        9     1 .rodata..Lanon.cb97baa4571f0567850462c19c6bde7e.313
          1071d3           1071d3        9     1         /home/totsugeki/workspace/hobby/htos/target/x64/release/deps/htkernel-3b0038f950045c0a.htkernel.67fc6965-cgu.0.rcgu.o:(.rodata..Lanon.cb97baa4571f0567850462c19c6bde7e.313)
          1071dc           1071dc        f     1 .rodata..Lanon.cb97baa4571f0567850462c19c6bde7e.314
          1071dc           1071dc        f     1         /home/totsugeki/workspace/hobby/htos/target/x64/release/deps/htkernel-3b0038f950045c0a.htkernel.67fc6965-cgu.0.rcgu.o:(.rodata..Lanon.cb97baa4571f0567850462c19c6bde7e.314)
          1071eb           1071eb        f     1 .rodata..Lanon.cb97baa4571f0567850462c19c6bde7e.315
          1071eb           1071eb        f     1         /home/totsugeki/workspace/hobby/htos/target/x64/release/deps/htkernel-3b0038f950045c0a.htkernel.67fc6965-cgu.0.rcgu.o:(.rodata..Lanon.cb97baa4571f0567850462c19c6bde7e.315)
          1071fa           1071fa        d     1 .rodata..Lanon.cb97baa4571f0567850462c19c6bde7e.316
          1071fa           1071fa        d     1         /home/totsugeki/workspace/hobby/htos/target/x64/release/deps/htkernel-3b0038f950045c0a.htkernel.67fc6965-cgu.0.rcgu.o:(.rodata..Lanon.cb97baa4571f0567850462c19c6bde7e.316)
          107207           107207        5     1 .rodata..Lanon.cb97baa4571f0567850462c19c6bde7e.318
          107207           107207        5     1         /home/totsugeki/workspace/hobby/htos/target/x64/release/deps/htkernel-3b0038f950045c0a.htkernel.67fc6965-cgu.0.rcgu.o:(.rodata..Lanon.cb97baa4571f0567850462c19c6bde7e.318)
          10720c           10720c        9     1 .rodata..Lanon.cb97baa4571f0567850462c19c6bde7e.319
          10720c           10720c        9     1         /home/totsugeki/workspace/hobby/htos/target/x64/release/deps/htkernel-3b0038f950045c0a.htkernel.67fc6965-cgu.0.rcgu.o:(.rodata..Lanon.cb97baa4571f0567850462c19c6bde7e.319)
          107215           107215        6     1 .rodata..Lanon.cb97baa4571f0567850462c19c6bde7e.320
          107215           107215        6     1         /home/totsugeki/workspace/hobby/htos/target/x64/release/deps/htkernel-3b0038f950045c0a.htkernel.67fc6965-cgu.0.rcgu.o:(.rodata..Lanon.cb97baa4571f0567850462c19c6bde7e.320)
          10721b           10721b        5     1 .rodata..Lanon.cb97baa4571f0567850462c19c6bde7e.321
          10721b           10721b        5     1         /home/totsugeki/workspace/hobby/htos/target/x64/release/deps/htkernel-3b0038f950045c0a.htkernel.67fc6965-cgu.0.rcgu.o:(.rodata..Lanon.cb97baa4571f0567850462c19c6bde7e.321)
          107220           107220        6     1 .rodata..Lanon.cb97baa4571f0567850462c19c6bde7e.322
          107220           107220        6     1         /home/totsugeki/workspace/hobby/htos/target/x64/release/deps/htkernel-3b0038f950045c0a.htkernel.67fc6965-cgu.0.rcgu.o:(.rodata..Lanon.cb97baa4571f0567850462c19c6bde7e.322)
          107226           107226        6     1 .rodata..Lanon.cb97baa4571f0567850462c19c6bde7e.323
          107226           107226        6     1         /home/totsugeki/workspace/hobby/htos/target/x64/release/deps/htkernel-3b0038f950045c0a.htkernel.67fc6965-cgu.0.rcgu.o:(.rodata..Lanon.cb97baa4571f0567850462c19c6bde7e.323)
          10722c           10722c        6     1 .rodata..Lanon.cb97baa4571f0567850462c19c6bde7e.324
          10722c           10722c        6     1         /home/totsugeki/workspace/hobby/htos/target/x64/release/deps/htkernel-3b0038f950045c0a.htkernel.67fc6965-cgu.0.rcgu.o:(.rodata..Lanon.cb97baa4571f0567850462c19c6bde7e.324)
          107232           107232        6     1 .rodata..Lanon.cb97baa4571f0567850462c19c6bde7e.325
          107232           107232        6     1         /home/totsugeki/workspace/hobby/htos/target/x64/release/deps/htkernel-3b0038f950045c0a.htkernel.67fc6965-cgu.0.rcgu.o:(.rodata..Lanon.cb97baa4571f0567850462c19c6bde7e.325)
          107238           107238        6     1 .rodata..Lanon.cb97baa4571f0567850462c19c6bde7e.326
          107238           107238        6     1         /home/totsugeki/workspace/hobby/htos/target/x64/release/deps/htkernel-3b0038f950045c0a.htkernel.67fc6965-cgu.0.rcgu.o:(.rodata..Lanon.cb97baa4571f0567850462c19c6bde7e.326)
          10723e           10723e        6     1 .rodata..Lanon.cb97baa4571f0567850462c19c6bde7e.327
          10723e           10723e        6     1         /home/totsugeki/workspace/hobby/htos/target/x64/release/deps/htkernel-3b0038f950045c0a.htkernel.67fc6965-cgu.0.rcgu.o:(.rodata..Lanon.cb97baa4571f0567850462c19c6bde7e.327)
          107244           107244        6     1 .rodata..Lanon.cb97baa4571f0567850462c19c6bde7e.328
          107244           107244        6     1         /home/totsugeki/workspace/hobby/htos/target/x64/release/deps/htkernel-3b0038f950045c0a.htkernel.67fc6965-cgu.0.rcgu.o:(.rodata..Lanon.cb97baa4571f0567850462c19c6bde7e.328)
          10724a           10724a        6     1 .rodata..Lanon.cb97baa4571f0567850462c19c6bde7e.329
          10724a           10724a        6     1         /home/totsugeki/workspace/hobby/htos/target/x64/release/deps/htkernel-3b0038f950045c0a.htkernel.67fc6965-cgu.0.rcgu.o:(.rodata..Lanon.cb97baa4571f0567850462c19c6bde7e.329)
          107250           107250        6     1 .rodata..Lanon.cb97baa4571f0567850462c19c6bde7e.330
          107250           107250        6     1         /home/totsugeki/workspace/hobby/htos/target/x64/release/deps/htkernel-3b0038f950045c0a.htkernel.67fc6965-cgu.0.rcgu.o:(.rodata..Lanon.cb97baa4571f0567850462c19c6bde7e.330)
          107256           107256        6     1 .rodata..Lanon.cb97baa4571f0567850462c19c6bde7e.331
          107256           107256        6     1         /home/totsugeki/workspace/hobby/htos/target/x64/release/deps/htkernel-3b0038f950045c0a.htkernel.67fc6965-cgu.0.rcgu.o:(.rodata..Lanon.cb97baa4571f0567850462c19c6bde7e.331)
          10725c           10725c        6     1 .rodata..Lanon.cb97baa4571f0567850462c19c6bde7e.332
          10725c           10725c        6     1         /home/totsugeki/workspace/hobby/htos/target/x64/release/deps/htkernel-3b0038f950045c0a.htkernel.67fc6965-cgu.0.rcgu.o:(.rodata..Lanon.cb97baa4571f0567850462c19c6bde7e.332)
          107262           107262        6     1 .rodata..Lanon.cb97baa4571f0567850462c19c6bde7e.333
          107262           107262        6     1         /home/totsugeki/workspace/hobby/htos/target/x64/release/deps/htkernel-3b0038f950045c0a.htkernel.67fc6965-cgu.0.rcgu.o:(.rodata..Lanon.cb97baa4571f0567850462c19c6bde7e.333)
          107268           107268        6     1 .rodata..Lanon.cb97baa4571f0567850462c19c6bde7e.334
          107268           107268        6     1         /home/totsugeki/workspace/hobby/htos/target/x64/release/deps/htkernel-3b0038f950045c0a.htkernel.67fc6965-cgu.0.rcgu.o:(.rodata..Lanon.cb97baa4571f0567850462c19c6bde7e.334)
          10726e           10726e        a     1 .rodata..Lanon.cb97baa4571f0567850462c19c6bde7e.335
          10726e           10726e        a     1         /home/totsugeki/workspace/hobby/htos/target/x64/release/deps/htkernel-3b0038f950045c0a.htkernel.67fc6965-cgu.0.rcgu.o:(.rodata..Lanon.cb97baa4571f0567850462c19c6bde7e.335)
          107280           107280       e9    16 .text._ZN42_$LT$$RF$T$u20$as$u20$core..fmt..Debug$GT$3fmt17h56c28e3962d1034bE
          107280           107280       e9    16         /home/totsugeki/workspace/hobby/htos/target/x64/release/deps/htkernel-3b0038f950045c0a.htkernel.67fc6965-cgu.0.rcgu.o:(.text._ZN42_$LT$$RF$T$u20$as$u20$core..fmt..Debug$GT$3fmt17h56c28e3962d1034bE)
          107280           107280       e9     1                 _$LT$$RF$T$u20$as$u20$core..fmt..Debug$GT$::fmt::h56c28e3962d1034b
          107370           107370      15d    16 .text._ZN44_$LT$$RF$T$u20$as$u20$core..fmt..Display$GT$3fmt17h63dde52850f96e82E
          107370           107370      15d    16         /home/totsugeki/workspace/hobby/htos/target/x64/release/deps/htkernel-3b0038f950045c0a.htkernel.67fc6965-cgu.0.rcgu.o:(.text._ZN44_$LT$$RF$T$u20$as$u20$core..fmt..Display$GT$3fmt17h63dde52850f96e82E)
          107370           107370      15d     1                 _$LT$$RF$T$u20$as$u20$core..fmt..Display$GT$::fmt::h63dde52850f96e82
          1074d0           1074d0       bc    16 .text._ZN50_$LT$$RF$mut$u20$W$u20$as$u20$core..fmt..Write$GT$10write_char17heb084c2fb5392131E
          1074d0           1074d0       bc    16         /home/totsugeki/workspace/hobby/htos/target/x64/release/deps/htkernel-3b0038f950045c0a.htkernel.67fc6965-cgu.0.rcgu.o:(.text._ZN50_$LT$$RF$mut$u20$W$u20$as$u20$core..fmt..Write$GT$10write_char17heb084c2fb5392131E)
          1074d0           1074d0       bc     1                 _$LT$$RF$mut$u20$W$u20$as$u20$core..fmt..Write$GT$::write_char::heb084c2fb5392131
          107590           107590       58    16 .text._ZN50_$LT$$RF$mut$u20$W$u20$as$u20$core..fmt..Write$GT$9write_fmt17h5d81cefbd926b2e1E
          107590           107590       58    16         /home/totsugeki/workspace/hobby/htos/target/x64/release/deps/htkernel-3b0038f950045c0a.htkernel.67fc6965-cgu.0.rcgu.o:(.text._ZN50_$LT$$RF$mut$u20$W$u20$as$u20$core..fmt..Write$GT$9write_fmt17h5d81cefbd926b2e1E)
          107590           107590       58     1                 _$LT$$RF$mut$u20$W$u20$as$u20$core..fmt..Write$GT$::write_fmt::h5d81cefbd926b2e1
          1075f0           1075f0        d    16 .text._ZN50_$LT$$RF$mut$u20$W$u20$as$u20$core..fmt..Write$GT$9write_str17he09d215d8c725fdfE
          1075f0           1075f0        d    16         /home/totsugeki/workspace/hobby/htos/target/x64/release/deps/htkernel-3b0038f950045c0a.htkernel.67fc6965-cgu.0.rcgu.o:(.text._ZN50_$LT$$RF$mut$u20$W$u20$as$u20$core..fmt..Write$GT$9write_str17he09d215d8c725fdfE)
          1075f0           1075f0        d     1                 _$LT$$RF$mut$u20$W$u20$as$u20$core..fmt..Write$GT$::write_str::he09d215d8c725fdf
          107600           107600      132    16 .text._ZN81_$LT$x86_64..structures..idt..InterruptStackFrame$u20$as$u20$core..fmt..Debug$GT$3fmt17h30cd986c89329b3fE
          107600           107600      132    16         /home/totsugeki/workspace/hobby/htos/target/x64/release/deps/htkernel-3b0038f950045c0a.htkernel.67fc6965-cgu.0.rcgu.o:(.text._ZN81_$LT$x86_64..structures..idt..InterruptStackFrame$u20$as$u20$core..fmt..Debug$GT$3fmt17h30cd986c89329b3fE)
          107600           107600      132     1                 _$LT$x86_64..structures..idt..InterruptStackFrame$u20$as$u20$core..fmt..Debug$GT$::fmt::h30cd986c89329b3f
          107740           107740      5db    16 .text._ZN8htkernel6screen6Writer7newline17h175aa2e4630e13baE
          107740           107740      5db    16         /home/totsugeki/workspace/hobby/htos/target/x64/release/deps/htkernel-3b0038f950045c0a.htkernel.67fc6965-cgu.0.rcgu.o:(.text._ZN8htkernel6screen6Writer7newline17h175aa2e4630e13baE)
          107740           107740      5db     1                 htkernel::screen::Writer::newline::h175aa2e4630e13ba
          107d20           107d20      417    16 .text._ZN61_$LT$htkernel..screen..Writer$u20$as$u20$core..fmt..Write$GT$9write_str17h64e80f4a460fa995E
          107d20           107d20      417    16         /home/totsugeki/workspace/hobby/htos/target/x64/release/deps/htkernel-3b0038f950045c0a.htkernel.67fc6965-cgu.0.rcgu.o:(.text._ZN61_$LT$htkernel..screen..Writer$u20$as$u20$core..fmt..Write$GT$9write_str17h64e80f4a460fa995E)
          107d20           107d20      417     1                 _$LT$htkernel..screen..Writer$u20$as$u20$core..fmt..Write$GT$::write_str::h64e80f4a460fa995
          108140           108140      15c    16 .text._ZN8htkernel6screen6_print17hcfb770876708be9fE
          108140           108140      15c    16         /home/totsugeki/workspace/hobby/htos/target/x64/release/deps/htkernel-3b0038f950045c0a.htkernel.67fc6965-cgu.0.rcgu.o:(.text._ZN8htkernel6screen6_print17hcfb770876708be9fE)
          108140           108140      15c     1                 htkernel::screen::_print::hcfb770876708be9f
          1082a0           1082a0       77    16 .text._ZN8htkernel4arch3x6410interrupts20divide_error_handler17he9ef2a5b467184afE
          1082a0           1082a0       77    16         /home/totsugeki/workspace/hobby/htos/target/x64/release/deps/htkernel-3b0038f950045c0a.htkernel.67fc6965-cgu.0.rcgu.o:(.text._ZN8htkernel4arch3x6410interrupts20divide_error_handler17he9ef2a5b467184afE)
          1082a0           1082a0       77     1                 htkernel::arch::x64::interrupts::divide_error_handler::he9ef2a5b467184af
          108320           108320       77    16 .text._ZN8htkernel4arch3x6410interrupts13debug_handler17hb024da1dd3528c6cE
          108320           108320       77    16         /home/totsugeki/workspace/hobby/htos/target/x64/release/deps/htkernel-3b0038f950045c0a.htkernel.67fc6965-cgu.0.rcgu.o:(.text._ZN8htkernel4arch3x6410interrupts13debug_handler17hb024da1dd3528c6cE)
          108320           108320       77     1                 htkernel::arch::x64::interrupts::debug_handler::hb024da1dd3528c6c
          1083a0           1083a0       de    16 .text._ZN8htkernel4arch3x6410interrupts30non_maskable_interrupt_handler17hd7f49435a411b9a5E
          1083a0           1083a0       de    16         /home/totsugeki/workspace/hobby/htos/target/x64/release/deps/htkernel-3b0038f950045c0a.htkernel.67fc6965-cgu.0.rcgu.o:(.text._ZN8htkernel4arch3x6410interrupts30non_maskable_interrupt_handler17hd7f49435a411b9a5E)
          1083a0           1083a0       de     1                 htkernel::arch::x64::interrupts::non_maskable_interrupt_handler::hd7f49435a411b9a5
          108480           108480       de    16 .text._ZN8htkernel4arch3x6410interrupts18breakpoint_handler17h1e4ca08edfcab07aE
          108480           108480       de    16         /home/totsugeki/workspace/hobby/htos/target/x64/release/deps/htkernel-3b0038f950045c0a.htkernel.67fc6965-cgu.0.rcgu.o:(.text._ZN8htkernel4arch3x6410interrupts18breakpoint_handler17h1e4ca08edfcab07aE)
          108480           108480       de     1                 htkernel::arch::x64::interrupts::breakpoint_handler::h1e4ca08edfcab07a
          108560           108560       77    16 .text._ZN8htkernel4arch3x6410interrupts16overflow_handler17h2bac8091361e0a02E
          108560           108560       77    16         /home/totsugeki/workspace/hobby/htos/target/x64/release/deps/htkernel-3b0038f950045c0a.htkernel.67fc6965-cgu.0.rcgu.o:(.text._ZN8htkernel4arch3x6410interrupts16overflow_handler17h2bac8091361e0a02E)
          108560           108560       77     1                 htkernel::arch::x64::interrupts::overflow_handler::h2bac8091361e0a02
          1085e0           1085e0       77    16 .text._ZN8htkernel4arch3x6410interrupts28bound_range_exceeded_handler17h5ba0f41492891466E
          1085e0           1085e0       77    16         /home/totsugeki/workspace/hobby/htos/target/x64/release/deps/htkernel-3b0038f950045c0a.htkernel.67fc6965-cgu.0.rcgu.o:(.text._ZN8htkernel4arch3x6410interrupts28bound_range_exceeded_handler17h5ba0f41492891466E)
          1085e0           1085e0       77     1                 htkernel::arch::x64::interrupts::bound_range_exceeded_handler::h5ba0f41492891466
          108660           108660       78    16 .text._ZN8htkernel4arch3x6410interrupts20double_fault_handler17hc5ebb88263be5888E
          108660           108660       78    16         /home/totsugeki/workspace/hobby/htos/target/x64/release/deps/htkernel-3b0038f950045c0a.htkernel.67fc6965-cgu.0.rcgu.o:(.text._ZN8htkernel4arch3x6410interrupts20double_fault_handler17hc5ebb88263be5888E)
          108660           108660       78     1                 htkernel::arch::x64::interrupts::double_fault_handler::hc5ebb88263be5888
          1086e0           1086e0      dc0    16 .text.kernel_entry
          1086e0           1086e0      dc0    16         /home/totsugeki/workspace/hobby/htos/target/x64/release/deps/htkernel-3b0038f950045c0a.htkernel.67fc6965-cgu.0.rcgu.o:(.text.kernel_entry)
          1086e0           1086e0      dc0     1                 kernel_entry
          1094a0           1094a0       a3    16 .text.rust_begin_unwind
          1094a0           1094a0       a3    16         /home/totsugeki/workspace/hobby/htos/target/x64/release/deps/htkernel-3b0038f950045c0a.htkernel.67fc6965-cgu.0.rcgu.o:(.text.rust_begin_unwind)
          1094a0           1094a0       a3     1                 rust_begin_unwind
          109550           109550       12    16 .text._ZN4core3ops8function6FnOnce9call_once17h7118fefc04fbeebaE
          109550           109550       12    16         /home/totsugeki/workspace/hobby/htos/target/x64/release/deps/htkernel-3b0038f950045c0a.htkernel.67fc6965-cgu.0.rcgu.o:(.text._ZN4core3ops8function6FnOnce9call_once17h7118fefc04fbeebaE)
          109550           109550       12     1                 core::ops::function::FnOnce::call_once::h7118fefc04fbeeba
          109570           109570       68    16 .text.unlikely._ZN4core9panicking18panic_bounds_check17hdf6b54eab8323024E
          109570           109570       68    16         /home/totsugeki/workspace/hobby/htos/target/x64/release/deps/htkernel-3b0038f950045c0a.htkernel.67fc6965-cgu.0.rcgu.o:(.text.unlikely._ZN4core9panicking18panic_bounds_check17hdf6b54eab8323024E)
          109570           109570       68     1                 core::panicking::panic_bounds_check::hdf6b54eab8323024
          1095e0           1095e0       31    16 .text.unlikely._ZN4core9panicking9panic_fmt17hc045f34f706b9adaE
          1095e0           1095e0       31    16         /home/totsugeki/workspace/hobby/htos/target/x64/release/deps/htkernel-3b0038f950045c0a.htkernel.67fc6965-cgu.0.rcgu.o:(.text.unlikely._ZN4core9panicking9panic_fmt17hc045f34f706b9adaE)
          1095e0           1095e0       31     1                 core::panicking::panic_fmt::hc045f34f706b9ada
          109620           109620       10    16 .text._ZN36_$LT$T$u20$as$u20$core..any..Any$GT$7type_id17h6ae7845ee4080d97E
          109620           109620       10    16         /home/totsugeki/workspace/hobby/htos/target/x64/release/deps/htkernel-3b0038f950045c0a.htkernel.67fc6965-cgu.0.rcgu.o:(.text._ZN36_$LT$T$u20$as$u20$core..any..Any$GT$7type_id17h6ae7845ee4080d97E)
          109620           109620       10     1                 _$LT$T$u20$as$u20$core..any..Any$GT$::type_id::h6ae7845ee4080d97
          109630           109630      2f0    16 .text._ZN4core3fmt9Formatter12pad_integral17hf0a2ccf86f84424cE
          109630           109630      2f0    16         /home/totsugeki/workspace/hobby/htos/target/x64/release/deps/htkernel-3b0038f950045c0a.htkernel.67fc6965-cgu.0.rcgu.o:(.text._ZN4core3fmt9Formatter12pad_integral17hf0a2ccf86f84424cE)
          109630           109630      2f0     1                 core::fmt::Formatter::pad_integral::hf0a2ccf86f84424c
          109920           109920       5e    16 .text._ZN4core3fmt9Formatter12pad_integral12write_prefix17hf8f57b3df35d2032E
          109920           109920       5e    16         /home/totsugeki/workspace/hobby/htos/target/x64/release/deps/htkernel-3b0038f950045c0a.htkernel.67fc6965-cgu.0.rcgu.o:(.text._ZN4core3fmt9Formatter12pad_integral12write_prefix17hf8f57b3df35d2032E)
          109920           109920       5e     1                 core::fmt::Formatter::pad_integral::write_prefix::hf8f57b3df35d2032
          109980           109980       68    16 .text.unlikely._ZN4core5slice5index26slice_start_index_len_fail17h6ffeee349c99f482E
          109980           109980       68    16         /home/totsugeki/workspace/hobby/htos/target/x64/release/deps/htkernel-3b0038f950045c0a.htkernel.67fc6965-cgu.0.rcgu.o:(.text.unlikely._ZN4core5slice5index26slice_start_index_len_fail17h6ffeee349c99f482E)
          109980           109980       68     1                 core::slice::index::slice_start_index_len_fail::h6ffeee349c99f482
          1099f0           1099f0       6c    16 .text.unlikely._ZN4core5slice5index24slice_end_index_len_fail17hc74ca27291941224E
          1099f0           1099f0       6c    16         /home/totsugeki/workspace/hobby/htos/target/x64/release/deps/htkernel-3b0038f950045c0a.htkernel.67fc6965-cgu.0.rcgu.o:(.text.unlikely._ZN4core5slice5index24slice_end_index_len_fail17hc74ca27291941224E)
          1099f0           1099f0       6c     1                 core::slice::index::slice_end_index_len_fail::hc74ca27291941224
          109a60           109a60      372    16 .text._ZN4core3fmt9Formatter3pad17hed3397db6a7d747fE
          109a60           109a60      372    16         /home/totsugeki/workspace/hobby/htos/target/x64/release/deps/htkernel-3b0038f950045c0a.htkernel.67fc6965-cgu.0.rcgu.o:(.text._ZN4core3fmt9Formatter3pad17hed3397db6a7d747fE)
          109a60           109a60      372     1                 core::fmt::Formatter::pad::hed3397db6a7d747f
          109de0           109de0       49    16 .text.unlikely._ZN4core9panicking5panic17hb1e3cf337161eec9E
          109de0           109de0       49    16         /home/totsugeki/workspace/hobby/htos/target/x64/release/deps/htkernel-3b0038f950045c0a.htkernel.67fc6965-cgu.0.rcgu.o:(.text.unlikely._ZN4core9panicking5panic17hb1e3cf337161eec9E)
          109de0           109de0       49     1                 core::panicking::panic::hb1e3cf337161eec9
          109e30           109e30       17    16 .text._ZN44_$LT$$RF$T$u20$as$u20$core..fmt..Display$GT$3fmt17h9e2582c7e691d648E
          109e30           109e30       17    16         /home/totsugeki/workspace/hobby/htos/target/x64/release/deps/htkernel-3b0038f950045c0a.htkernel.67fc6965-cgu.0.rcgu.o:(.text._ZN44_$LT$$RF$T$u20$as$u20$core..fmt..Display$GT$3fmt17h9e2582c7e691d648E)
          109e30           109e30       17     1                 _$LT$$RF$T$u20$as$u20$core..fmt..Display$GT$::fmt::h9e2582c7e691d648
          109e50           109e50       15    16 .text._ZN42_$LT$$RF$T$u20$as$u20$core..fmt..Debug$GT$3fmt17h576827f17cbfc704E
          109e50           109e50       15    16         /home/totsugeki/workspace/hobby/htos/target/x64/release/deps/htkernel-3b0038f950045c0a.htkernel.67fc6965-cgu.0.rcgu.o:(.text._ZN42_$LT$$RF$T$u20$as$u20$core..fmt..Debug$GT$3fmt17h576827f17cbfc704E)
          109e50           109e50       15     1                 _$LT$$RF$T$u20$as$u20$core..fmt..Debug$GT$::fmt::h576827f17cbfc704
          109e70           109e70       51    16 .text._ZN59_$LT$core..fmt..Arguments$u20$as$u20$core..fmt..Display$GT$3fmt17he0e8b6c134cb975dE
          109e70           109e70       51    16         /home/totsugeki/workspace/hobby/htos/target/x64/release/deps/htkernel-3b0038f950045c0a.htkernel.67fc6965-cgu.0.rcgu.o:(.text._ZN59_$LT$core..fmt..Arguments$u20$as$u20$core..fmt..Display$GT$3fmt17he0e8b6c134cb975dE)
          109e70           109e70       51     1                 _$LT$core..fmt..Arguments$u20$as$u20$core..fmt..Display$GT$::fmt::he0e8b6c134cb975d
          109ed0           109ed0      224    16 .text._ZN4core3fmt5write17h7c75a6c9e097df4bE
          109ed0           109ed0      224    16         /home/totsugeki/workspace/hobby/htos/target/x64/release/deps/htkernel-3b0038f950045c0a.htkernel.67fc6965-cgu.0.rcgu.o:(.text._ZN4core3fmt5write17h7c75a6c9e097df4bE)
          109ed0           109ed0      224     1                 core::fmt::write::h7c75a6c9e097df4b
          10a100           10a100       6c    16 .text.unlikely._ZN4core5slice5index22slice_index_order_fail17h5425a6024d06b99cE
          10a100           10a100       6c    16         /home/totsugeki/workspace/hobby/htos/target/x64/release/deps/htkernel-3b0038f950045c0a.htkernel.67fc6965-cgu.0.rcgu.o:(.text.unlikely._ZN4core5slice5index22slice_index_order_fail17h5425a6024d06b99cE)
          10a100           10a100       6c     1                 core::slice::index::slice_index_order_fail::h5425a6024d06b99c
          10a170           10a170      124    16 .text._ZN4core3fmt3num3imp52_$LT$impl$u20$core..fmt..Display$u20$for$u20$u32$GT$3fmt17h82ee371dceae347cE
          10a170           10a170      124    16         /home/totsugeki/workspace/hobby/htos/target/x64/release/deps/htkernel-3b0038f950045c0a.htkernel.67fc6965-cgu.0.rcgu.o:(.text._ZN4core3fmt3num3imp52_$LT$impl$u20$core..fmt..Display$u20$for$u20$u32$GT$3fmt17h82ee371dceae347cE)
          10a170           10a170      124     1                 core::fmt::num::imp::_$LT$impl$u20$core..fmt..Display$u20$for$u20$u32$GT$::fmt::h82ee371dceae347c
          10a2a0           10a2a0       51    16 .text._ZN44_$LT$$RF$T$u20$as$u20$core..fmt..Display$GT$3fmt17h539addbcf40cc1dcE
          10a2a0           10a2a0       51    16         /home/totsugeki/workspace/hobby/htos/target/x64/release/deps/htkernel-3b0038f950045c0a.htkernel.67fc6965-cgu.0.rcgu.o:(.text._ZN44_$LT$$RF$T$u20$as$u20$core..fmt..Display$GT$3fmt17h539addbcf40cc1dcE)
          10a2a0           10a2a0       51     1                 _$LT$$RF$T$u20$as$u20$core..fmt..Display$GT$::fmt::h539addbcf40cc1dc
          10a300           10a300       1a    16 .text._ZN44_$LT$$RF$T$u20$as$u20$core..fmt..Display$GT$3fmt17h78d878b70b39890dE
          10a300           10a300       1a    16         /home/totsugeki/workspace/hobby/htos/target/x64/release/deps/htkernel-3b0038f950045c0a.htkernel.67fc6965-cgu.0.rcgu.o:(.text._ZN44_$LT$$RF$T$u20$as$u20$core..fmt..Display$GT$3fmt17h78d878b70b39890dE)
          10a300           10a300       1a     1                 _$LT$$RF$T$u20$as$u20$core..fmt..Display$GT$::fmt::h78d878b70b39890d
          10a320           10a320       77    16 .text.unlikely._ZN4core6result13unwrap_failed17hdd953a409ad0ad3cE
          10a320           10a320       77    16         /home/totsugeki/workspace/hobby/htos/target/x64/release/deps/htkernel-3b0038f950045c0a.htkernel.67fc6965-cgu.0.rcgu.o:(.text.unlikely._ZN4core6result13unwrap_failed17hdd953a409ad0ad3cE)
          10a320           10a320       77     1                 core::result::unwrap_failed::hdd953a409ad0ad3c
          10a3a0           10a3a0      291    16 .text._ZN68_$LT$core..fmt..builders..PadAdapter$u20$as$u20$core..fmt..Write$GT$9write_str17hadbfd51d7914b432E
          10a3a0           10a3a0      291    16         /home/totsugeki/workspace/hobby/htos/target/x64/release/deps/htkernel-3b0038f950045c0a.htkernel.67fc6965-cgu.0.rcgu.o:(.text._ZN68_$LT$core..fmt..builders..PadAdapter$u20$as$u20$core..fmt..Write$GT$9write_str17hadbfd51d7914b432E)
          10a3a0           10a3a0      291     1                 _$LT$core..fmt..builders..PadAdapter$u20$as$u20$core..fmt..Write$GT$::write_str::hadbfd51d7914b432
          10a640           10a640      402    16 .text.unlikely._ZN4core3str16slice_error_fail17h6337f558584d44b3E
          10a640           10a640      402    16         /home/totsugeki/workspace/hobby/htos/target/x64/release/deps/htkernel-3b0038f950045c0a.htkernel.67fc6965-cgu.0.rcgu.o:(.text.unlikely._ZN4core3str16slice_error_fail17h6337f558584d44b3E)
          10a640           10a640      402     1                 core::str::slice_error_fail::h6337f558584d44b3
          10aa50           10aa50      59a    16 .text._ZN41_$LT$char$u20$as$u20$core..fmt..Debug$GT$3fmt17h03ffa312252bb15eE
          10aa50           10aa50      59a    16         /home/totsugeki/workspace/hobby/htos/target/x64/release/deps/htkernel-3b0038f950045c0a.htkernel.67fc6965-cgu.0.rcgu.o:(.text._ZN41_$LT$char$u20$as$u20$core..fmt..Debug$GT$3fmt17h03ffa312252bb15eE)
          10aa50           10aa50      59a     1                 _$LT$char$u20$as$u20$core..fmt..Debug$GT$::fmt::h03ffa312252bb15e
          10aff0           10aff0       7f    16 .text._ZN71_$LT$core..ops..range..Range$LT$Idx$GT$$u20$as$u20$core..fmt..Debug$GT$3fmt17ha31a60a7bc30785bE
          10aff0           10aff0       7f    16         /home/totsugeki/workspace/hobby/htos/target/x64/release/deps/htkernel-3b0038f950045c0a.htkernel.67fc6965-cgu.0.rcgu.o:(.text._ZN71_$LT$core..ops..range..Range$LT$Idx$GT$$u20$as$u20$core..fmt..Debug$GT$3fmt17ha31a60a7bc30785bE)
          10aff0           10aff0       7f     1                 _$LT$core..ops..range..Range$LT$Idx$GT$$u20$as$u20$core..fmt..Debug$GT$::fmt::ha31a60a7bc30785b
          10b070           10b070      217    16 .text._ZN4core3fmt3num52_$LT$impl$u20$core..fmt..Debug$u20$for$u20$usize$GT$3fmt17h2317d4a14b364ae0E
          10b070           10b070      217    16         /home/totsugeki/workspace/hobby/htos/target/x64/release/deps/htkernel-3b0038f950045c0a.htkernel.67fc6965-cgu.0.rcgu.o:(.text._ZN4core3fmt3num52_$LT$impl$u20$core..fmt..Debug$u20$for$u20$usize$GT$3fmt17h2317d4a14b364ae0E)
          10b070           10b070      217     1                 core::fmt::num::_$LT$impl$u20$core..fmt..Debug$u20$for$u20$usize$GT$::fmt::h2317d4a14b364ae0
          10b290           10b290      114    16 .text._ZN4core7unicode9printable5check17h38a3a57e17af40aaE
          10b290           10b290      114    16         /home/totsugeki/workspace/hobby/htos/target/x64/release/deps/htkernel-3b0038f950045c0a.htkernel.67fc6965-cgu.0.rcgu.o:(.text._ZN4core7unicode9printable5check17h38a3a57e17af40aaE)
          10b290           10b290      114     1                 core::unicode::printable::check::h38a3a57e17af40aa
          10b3b0           10b3b0      1c1    16 .text._ZN4core3fmt8builders11DebugStruct5field17ha40782693b5860f3E
          10b3b0           10b3b0      1c1    16         /home/totsugeki/workspace/hobby/htos/target/x64/release/deps/htkernel-3b0038f950045c0a.htkernel.67fc6965-cgu.0.rcgu.o:(.text._ZN4core3fmt8builders11DebugStruct5field17ha40782693b5860f3E)
          10b3b0           10b3b0      1c1     1                 core::fmt::builders::DebugStruct::field::ha40782693b5860f3
          10b580           10b580       b9    16 .text._ZN4core3fmt5Write10write_char17h87bae09f49739df7E
          10b580           10b580       b9    16         /home/totsugeki/workspace/hobby/htos/target/x64/release/deps/htkernel-3b0038f950045c0a.htkernel.67fc6965-cgu.0.rcgu.o:(.text._ZN4core3fmt5Write10write_char17h87bae09f49739df7E)
          10b580           10b580       b9     1                 core::fmt::Write::write_char::h87bae09f49739df7
          10b640           10b640       55    16 .text._ZN4core3fmt5Write9write_fmt17h64d3079ed018eca2E
          10b640           10b640       55    16         /home/totsugeki/workspace/hobby/htos/target/x64/release/deps/htkernel-3b0038f950045c0a.htkernel.67fc6965-cgu.0.rcgu.o:(.text._ZN4core3fmt5Write9write_fmt17h64d3079ed018eca2E)
          10b640           10b640       55     1                 core::fmt::Write::write_fmt::h64d3079ed018eca2
          10b6a0           10b6a0        d    16 .text._ZN50_$LT$$RF$mut$u20$W$u20$as$u20$core..fmt..Write$GT$9write_str17h3086b842d1db66e9E
          10b6a0           10b6a0        d    16         /home/totsugeki/workspace/hobby/htos/target/x64/release/deps/htkernel-3b0038f950045c0a.htkernel.67fc6965-cgu.0.rcgu.o:(.text._ZN50_$LT$$RF$mut$u20$W$u20$as$u20$core..fmt..Write$GT$9write_str17h3086b842d1db66e9E)
          10b6a0           10b6a0        d     1                 _$LT$$RF$mut$u20$W$u20$as$u20$core..fmt..Write$GT$::write_str::h3086b842d1db66e9
          10b6b0           10b6b0       bc    16 .text._ZN50_$LT$$RF$mut$u20$W$u20$as$u20$core..fmt..Write$GT$10write_char17hc2cfd30c90d20bc4E
          10b6b0           10b6b0       bc    16         /home/totsugeki/workspace/hobby/htos/target/x64/release/deps/htkernel-3b0038f950045c0a.htkernel.67fc6965-cgu.0.rcgu.o:(.text._ZN50_$LT$$RF$mut$u20$W$u20$as$u20$core..fmt..Write$GT$10write_char17hc2cfd30c90d20bc4E)
          10b6b0           10b6b0       bc     1                 _$LT$$RF$mut$u20$W$u20$as$u20$core..fmt..Write$GT$::write_char::hc2cfd30c90d20bc4
          10b770           10b770       58    16 .text._ZN50_$LT$$RF$mut$u20$W$u20$as$u20$core..fmt..Write$GT$9write_fmt17h7f1aaa80c81f740eE
          10b770           10b770       58    16         /home/totsugeki/workspace/hobby/htos/target/x64/release/deps/htkernel-3b0038f950045c0a.htkernel.67fc6965-cgu.0.rcgu.o:(.text._ZN50_$LT$$RF$mut$u20$W$u20$as$u20$core..fmt..Write$GT$9write_fmt17h7f1aaa80c81f740eE)
          10b770           10b770       58     1                 _$LT$$RF$mut$u20$W$u20$as$u20$core..fmt..Write$GT$::write_fmt::h7f1aaa80c81f740e
          10b7d0           10b7d0      163    16 .text._ZN4core3fmt8builders10DebugTuple5field17h3acecc4bb5125277E
          10b7d0           10b7d0      163    16         /home/totsugeki/workspace/hobby/htos/target/x64/release/deps/htkernel-3b0038f950045c0a.htkernel.67fc6965-cgu.0.rcgu.o:(.text._ZN4core3fmt8builders10DebugTuple5field17h3acecc4bb5125277E)
          10b7d0           10b7d0      163     1                 core::fmt::builders::DebugTuple::field::h3acecc4bb5125277
          10b940           10b940       51    16 .text._ZN57_$LT$core..fmt..Arguments$u20$as$u20$core..fmt..Debug$GT$3fmt17h28050fa83b9fc45eE
          10b940           10b940       51    16         /home/totsugeki/workspace/hobby/htos/target/x64/release/deps/htkernel-3b0038f950045c0a.htkernel.67fc6965-cgu.0.rcgu.o:(.text._ZN57_$LT$core..fmt..Arguments$u20$as$u20$core..fmt..Debug$GT$3fmt17h28050fa83b9fc45eE)
          10b940           10b940       51     1                 _$LT$core..fmt..Arguments$u20$as$u20$core..fmt..Debug$GT$::fmt::h28050fa83b9fc45e
          10b9a0           10b9a0      124    16 .text._ZN4core3fmt3num3imp52_$LT$impl$u20$core..fmt..Display$u20$for$u20$u64$GT$3fmt17hf9c9020a9813657dE
          10b9a0           10b9a0      124    16         /home/totsugeki/workspace/hobby/htos/target/x64/release/deps/htkernel-3b0038f950045c0a.htkernel.67fc6965-cgu.0.rcgu.o:(.text._ZN4core3fmt3num3imp52_$LT$impl$u20$core..fmt..Display$u20$for$u20$u64$GT$3fmt17hf9c9020a9813657dE)
          10b9a0           10b9a0      124     1                 core::fmt::num::imp::_$LT$impl$u20$core..fmt..Display$u20$for$u20$u64$GT$::fmt::hf9c9020a9813657d
          10bad0           10bad0       90    16 .text._ZN4core3fmt3num53_$LT$impl$u20$core..fmt..LowerHex$u20$for$u20$u64$GT$3fmt17haece89a0554387feE
          10bad0           10bad0       90    16         /home/totsugeki/workspace/hobby/htos/target/x64/release/deps/htkernel-3b0038f950045c0a.htkernel.67fc6965-cgu.0.rcgu.o:(.text._ZN4core3fmt3num53_$LT$impl$u20$core..fmt..LowerHex$u20$for$u20$u64$GT$3fmt17haece89a0554387feE)
          10bad0           10bad0       90     1                 core::fmt::num::_$LT$impl$u20$core..fmt..LowerHex$u20$for$u20$u64$GT$::fmt::haece89a0554387fe
          10bb60           10bb60       1f    16 .text._ZN53_$LT$core..fmt..Error$u20$as$u20$core..fmt..Debug$GT$3fmt17hc89f154f2afff5c3E
          10bb60           10bb60       1f    16         /home/totsugeki/workspace/hobby/htos/target/x64/release/deps/htkernel-3b0038f950045c0a.htkernel.67fc6965-cgu.0.rcgu.o:(.text._ZN53_$LT$core..fmt..Error$u20$as$u20$core..fmt..Debug$GT$3fmt17hc89f154f2afff5c3E)
          10bb60           10bb60       1f     1                 _$LT$core..fmt..Error$u20$as$u20$core..fmt..Debug$GT$::fmt::hc89f154f2afff5c3
          10bb80           10bb80      103    16 .text._ZN59_$LT$x86_64..addr..VirtAddr$u20$as$u20$core..fmt..Debug$GT$3fmt17h28a53e72ccb01bb9E
          10bb80           10bb80      103    16         /home/totsugeki/workspace/hobby/htos/target/x64/release/deps/htkernel-3b0038f950045c0a.htkernel.67fc6965-cgu.0.rcgu.o:(.text._ZN59_$LT$x86_64..addr..VirtAddr$u20$as$u20$core..fmt..Debug$GT$3fmt17h28a53e72ccb01bb9E)
          10bb80           10bb80      103     1                 _$LT$x86_64..addr..VirtAddr$u20$as$u20$core..fmt..Debug$GT$::fmt::h28a53e72ccb01bb9
          10bc90           10bc90      103    16 .text._ZN59_$LT$x86_64..addr..PhysAddr$u20$as$u20$core..fmt..Debug$GT$3fmt17h3e86f383ecda7464E
          10bc90           10bc90      103    16         /home/totsugeki/workspace/hobby/htos/target/x64/release/deps/htkernel-3b0038f950045c0a.htkernel.67fc6965-cgu.0.rcgu.o:(.text._ZN59_$LT$x86_64..addr..PhysAddr$u20$as$u20$core..fmt..Debug$GT$3fmt17h3e86f383ecda7464E)
          10bc90           10bc90      103     1                 _$LT$x86_64..addr..PhysAddr$u20$as$u20$core..fmt..Debug$GT$::fmt::h3e86f383ecda7464
          10bda0           10bda0       c2    16 .text._ZN67_$LT$x86_64..addr..VirtAddrNotValid$u20$as$u20$core..fmt..Debug$GT$3fmt17hc6b1662dd2d6bac0E
          10bda0           10bda0       c2    16         /home/totsugeki/workspace/hobby/htos/target/x64/release/deps/htkernel-3b0038f950045c0a.htkernel.67fc6965-cgu.0.rcgu.o:(.text._ZN67_$LT$x86_64..addr..VirtAddrNotValid$u20$as$u20$core..fmt..Debug$GT$3fmt17hc6b1662dd2d6bac0E)
          10bda0           10bda0       c2     1                 _$LT$x86_64..addr..VirtAddrNotValid$u20$as$u20$core..fmt..Debug$GT$::fmt::hc6b1662dd2d6bac0
          10be70           10be70      22f    16 .text._ZN42_$LT$$RF$T$u20$as$u20$core..fmt..Debug$GT$3fmt17hcb59eaec8aa257c1E
          10be70           10be70      22f    16         /home/totsugeki/workspace/hobby/htos/target/x64/release/deps/htkernel-3b0038f950045c0a.htkernel.67fc6965-cgu.0.rcgu.o:(.text._ZN42_$LT$$RF$T$u20$as$u20$core..fmt..Debug$GT$3fmt17hcb59eaec8aa257c1E)
          10be70           10be70      22f     1                 _$LT$$RF$T$u20$as$u20$core..fmt..Debug$GT$::fmt::hcb59eaec8aa257c1
          10c0a0           10c0a0        6    16 .text._ZN4core3ptr116drop_in_place$LT$$LT$x86_64..structures..idt..InterruptStackFrameValue$u20$as$u20$core..fmt..Debug$GT$..fmt..Hex$GT$17hf78e8d15024114e9E
          10c0a0           10c0a0        6    16         /home/totsugeki/workspace/hobby/htos/target/x64/release/deps/htkernel-3b0038f950045c0a.htkernel.67fc6965-cgu.0.rcgu.o:(.text._ZN4core3ptr116drop_in_place$LT$$LT$x86_64..structures..idt..InterruptStackFrameValue$u20$as$u20$core..fmt..Debug$GT$..fmt..Hex$GT$17hf78e8d15024114e9E)
          10c0a0           10c0a0        6     1                 core::ptr::drop_in_place$LT$$LT$x86_64..structures..idt..InterruptStackFrameValue$u20$as$u20$core..fmt..Debug$GT$..fmt..Hex$GT$::hf78e8d15024114e9
          10c0b0           10c0b0       64    16 .text._ZN132_$LT$$LT$x86_64..structures..idt..InterruptStackFrameValue$u20$as$u20$core..fmt..Debug$GT$..fmt..Hex$u20$as$u20$core..fmt..Debug$GT$3fmt17h0fe0c1780293cac7E
          10c0b0           10c0b0       64    16         /home/totsugeki/workspace/hobby/htos/target/x64/release/deps/htkernel-3b0038f950045c0a.htkernel.67fc6965-cgu.0.rcgu.o:(.text._ZN132_$LT$$LT$x86_64..structures..idt..InterruptStackFrameValue$u20$as$u20$core..fmt..Debug$GT$..fmt..Hex$u20$as$u20$core..fmt..Debug$GT$3fmt17h0fe0c1780293cac7E)
          10c0b0           10c0b0       64     1                 _$LT$$LT$x86_64..structures..idt..InterruptStackFrameValue$u20$as$u20$core..fmt..Debug$GT$..fmt..Hex$u20$as$u20$core..fmt..Debug$GT$::fmt::h0fe0c1780293cac7
          10c120           10c120      22f    16 .text._ZN4core3fmt3num50_$LT$impl$u20$core..fmt..Debug$u20$for$u20$u64$GT$3fmt17h2d0d000d793b248dE
          10c120           10c120      22f    16         /home/totsugeki/workspace/hobby/htos/target/x64/release/deps/htkernel-3b0038f950045c0a.htkernel.67fc6965-cgu.0.rcgu.o:(.text._ZN4core3fmt3num50_$LT$impl$u20$core..fmt..Debug$u20$for$u20$u64$GT$3fmt17h2d0d000d793b248dE)
          10c120           10c120      22f     1                 core::fmt::num::_$LT$impl$u20$core..fmt..Debug$u20$for$u20$u64$GT$::fmt::h2d0d000d793b248d
          10c350           10c350      8bf    16 .text._ZN91_$LT$x86_64..structures..paging..page_table..PageTableFlags$u20$as$u20$core..fmt..Debug$GT$3fmt17hab62d7f3a8bdd62cE
          10c350           10c350      8bf    16         /home/totsugeki/workspace/hobby/htos/target/x64/release/deps/htkernel-3b0038f950045c0a.htkernel.67fc6965-cgu.0.rcgu.o:(.text._ZN91_$LT$x86_64..structures..paging..page_table..PageTableFlags$u20$as$u20$core..fmt..Debug$GT$3fmt17hab62d7f3a8bdd62cE)
          10c350           10c350      8bf     1                 _$LT$x86_64..structures..paging..page_table..PageTableFlags$u20$as$u20$core..fmt..Debug$GT$::fmt::hab62d7f3a8bdd62c
          10cc10           10cc10       3f    16 .text._ZN87_$LT$x86_64..structures..paging..page_table..FrameError$u20$as$u20$core..fmt..Debug$GT$3fmt17hd6fc8d2b7c9e619cE
          10cc10           10cc10       3f    16         /home/totsugeki/workspace/hobby/htos/target/x64/release/deps/htkernel-3b0038f950045c0a.htkernel.67fc6965-cgu.0.rcgu.o:(.text._ZN87_$LT$x86_64..structures..paging..page_table..FrameError$u20$as$u20$core..fmt..Debug$GT$3fmt17hd6fc8d2b7c9e619cE)
          10cc10           10cc10       3f     1                 _$LT$x86_64..structures..paging..page_table..FrameError$u20$as$u20$core..fmt..Debug$GT$::fmt::hd6fc8d2b7c9e619c
          10cc50           10cc50       30     8 .data.rel.ro..Lanon.5c1bcb1d07bdf0443215d79f039c4231.0
          10cc50           10cc50       30     8         /home/totsugeki/workspace/hobby/htos/target/x64/release/deps/htkernel-3b0038f950045c0a.htkernel.67fc6965-cgu.0.rcgu.o:(.data.rel.ro..Lanon.5c1bcb1d07bdf0443215d79f039c4231.0)
          10cc80           10cc80       20     8 .data.rel.ro..Lanon.5c1bcb1d07bdf0443215d79f039c4231.2
          10cc80           10cc80       20     8         /home/totsugeki/workspace/hobby/htos/target/x64/release/deps/htkernel-3b0038f950045c0a.htkernel.67fc6965-cgu.0.rcgu.o:(.data.rel.ro..Lanon.5c1bcb1d07bdf0443215d79f039c4231.2)
          10cca0           10cca0       20     8 .data.rel.ro..Lanon.5c1bcb1d07bdf0443215d79f039c4231.4
          10cca0           10cca0       20     8         /home/totsugeki/workspace/hobby/htos/target/x64/release/deps/htkernel-3b0038f950045c0a.htkernel.67fc6965-cgu.0.rcgu.o:(.data.rel.ro..Lanon.5c1bcb1d07bdf0443215d79f039c4231.4)
          10ccc0           10ccc0       20     8 .data.rel.ro..Lanon.5c1bcb1d07bdf0443215d79f039c4231.5
          10ccc0           10ccc0       20     8         /home/totsugeki/workspace/hobby/htos/target/x64/release/deps/htkernel-3b0038f950045c0a.htkernel.67fc6965-cgu.0.rcgu.o:(.data.rel.ro..Lanon.5c1bcb1d07bdf0443215d79f039c4231.5)
          10cce0           10cce0       18     8 .data.rel.ro..Lanon.5c1bcb1d07bdf0443215d79f039c4231.8
          10cce0           10cce0       18     8         /home/totsugeki/workspace/hobby/htos/target/x64/release/deps/htkernel-3b0038f950045c0a.htkernel.67fc6965-cgu.0.rcgu.o:(.data.rel.ro..Lanon.5c1bcb1d07bdf0443215d79f039c4231.8)
          10ccf8           10ccf8       18     8 .data.rel.ro..Lanon.5c1bcb1d07bdf0443215d79f039c4231.14
          10ccf8           10ccf8       18     8         /home/totsugeki/workspace/hobby/htos/target/x64/release/deps/htkernel-3b0038f950045c0a.htkernel.67fc6965-cgu.0.rcgu.o:(.data.rel.ro..Lanon.5c1bcb1d07bdf0443215d79f039c4231.14)
          10cd10           10cd10       18     8 .data.rel.ro..Lanon.5c1bcb1d07bdf0443215d79f039c4231.16
          10cd10           10cd10       18     8         /home/totsugeki/workspace/hobby/htos/target/x64/release/deps/htkernel-3b0038f950045c0a.htkernel.67fc6965-cgu.0.rcgu.o:(.data.rel.ro..Lanon.5c1bcb1d07bdf0443215d79f039c4231.16)
          10cd28           10cd28       18     8 .data.rel.ro..Lanon.5c1bcb1d07bdf0443215d79f039c4231.17
          10cd28           10cd28       18     8         /home/totsugeki/workspace/hobby/htos/target/x64/release/deps/htkernel-3b0038f950045c0a.htkernel.67fc6965-cgu.0.rcgu.o:(.data.rel.ro..Lanon.5c1bcb1d07bdf0443215d79f039c4231.17)
          10cd40           10cd40       58     8 .data._ZN8htkernel4arch3x643gdt3GDT17hce19e182b03c7539E
          10cd40           10cd40       58     8         /home/totsugeki/workspace/hobby/htos/target/x64/release/deps/htkernel-3b0038f950045c0a.htkernel.67fc6965-cgu.0.rcgu.o:(.data._ZN8htkernel4arch3x643gdt3GDT17hce19e182b03c7539E)
          10cd40           10cd40       58     1                 htkernel::arch::x64::gdt::GDT::hce19e182b03c7539
          10cda0           10cda0     1010    16 .data._ZN8htkernel4arch3x6410interrupts3IDT17h1910c184118d7001E
          10cda0           10cda0     1010    16         /home/totsugeki/workspace/hobby/htos/target/x64/release/deps/htkernel-3b0038f950045c0a.htkernel.67fc6965-cgu.0.rcgu.o:(.data._ZN8htkernel4arch3x6410interrupts3IDT17h1910c184118d7001E)
          10cda0           10cda0     1010     1                 htkernel::arch::x64::interrupts::IDT::h1910c184118d7001
          10ddb0           10ddb0       10     8 .data.rel.ro..Lanon.5c1bcb1d07bdf0443215d79f039c4231.20
          10ddb0           10ddb0       10     8         /home/totsugeki/workspace/hobby/htos/target/x64/release/deps/htkernel-3b0038f950045c0a.htkernel.67fc6965-cgu.0.rcgu.o:(.data.rel.ro..Lanon.5c1bcb1d07bdf0443215d79f039c4231.20)
          10ddc0           10ddc0       18     8 .data.rel.ro..Lanon.5c1bcb1d07bdf0443215d79f039c4231.23
          10ddc0           10ddc0       18     8         /home/totsugeki/workspace/hobby/htos/target/x64/release/deps/htkernel-3b0038f950045c0a.htkernel.67fc6965-cgu.0.rcgu.o:(.data.rel.ro..Lanon.5c1bcb1d07bdf0443215d79f039c4231.23)
          10ddd8           10ddd8       10     8 .data.rel.ro..Lanon.5c1bcb1d07bdf0443215d79f039c4231.25
          10ddd8           10ddd8       10     8         /home/totsugeki/workspace/hobby/htos/target/x64/release/deps/htkernel-3b0038f950045c0a.htkernel.67fc6965-cgu.0.rcgu.o:(.data.rel.ro..Lanon.5c1bcb1d07bdf0443215d79f039c4231.25)
          10dde8           10dde8       18     8 .data.rel.ro..Lanon.5c1bcb1d07bdf0443215d79f039c4231.26
          10dde8           10dde8       18     8         /home/totsugeki/workspace/hobby/htos/target/x64/release/deps/htkernel-3b0038f950045c0a.htkernel.67fc6965-cgu.0.rcgu.o:(.data.rel.ro..Lanon.5c1bcb1d07bdf0443215d79f039c4231.26)
          10de00           10de00       20     8 .data.rel.ro..Lanon.5c1bcb1d07bdf0443215d79f039c4231.28
          10de00           10de00       20     8         /home/totsugeki/workspace/hobby/htos/target/x64/release/deps/htkernel-3b0038f950045c0a.htkernel.67fc6965-cgu.0.rcgu.o:(.data.rel.ro..Lanon.5c1bcb1d07bdf0443215d79f039c4231.28)
          10de20           10de20       10     8 .data.rel.ro..Lanon.5c1bcb1d07bdf0443215d79f039c4231.30
          10de20           10de20       10     8         /home/totsugeki/workspace/hobby/htos/target/x64/release/deps/htkernel-3b0038f950045c0a.htkernel.67fc6965-cgu.0.rcgu.o:(.data.rel.ro..Lanon.5c1bcb1d07bdf0443215d79f039c4231.30)
          10de30           10de30       10     8 .data.rel.ro..Lanon.5c1bcb1d07bdf0443215d79f039c4231.32
          10de30           10de30       10     8         /home/totsugeki/workspace/hobby/htos/target/x64/release/deps/htkernel-3b0038f950045c0a.htkernel.67fc6965-cgu.0.rcgu.o:(.data.rel.ro..Lanon.5c1bcb1d07bdf0443215d79f039c4231.32)
          10de40           10de40       10     8 .data.rel.ro..Lanon.5c1bcb1d07bdf0443215d79f039c4231.34
          10de40           10de40       10     8         /home/totsugeki/workspace/hobby/htos/target/x64/release/deps/htkernel-3b0038f950045c0a.htkernel.67fc6965-cgu.0.rcgu.o:(.data.rel.ro..Lanon.5c1bcb1d07bdf0443215d79f039c4231.34)
          10de50           10de50       18     8 .data.rel.ro..Lanon.5c1bcb1d07bdf0443215d79f039c4231.35
          10de50           10de50       18     8         /home/totsugeki/workspace/hobby/htos/target/x64/release/deps/htkernel-3b0038f950045c0a.htkernel.67fc6965-cgu.0.rcgu.o:(.data.rel.ro..Lanon.5c1bcb1d07bdf0443215d79f039c4231.35)
          10de68           10de68       10     8 .data.rel.ro..Lanon.5c1bcb1d07bdf0443215d79f039c4231.37
          10de68           10de68       10     8         /home/totsugeki/workspace/hobby/htos/target/x64/release/deps/htkernel-3b0038f950045c0a.htkernel.67fc6965-cgu.0.rcgu.o:(.data.rel.ro..Lanon.5c1bcb1d07bdf0443215d79f039c4231.37)
          10de78           10de78       18     8 .data.rel.ro..Lanon.5c1bcb1d07bdf0443215d79f039c4231.38
          10de78           10de78       18     8         /home/totsugeki/workspace/hobby/htos/target/x64/release/deps/htkernel-3b0038f950045c0a.htkernel.67fc6965-cgu.0.rcgu.o:(.data.rel.ro..Lanon.5c1bcb1d07bdf0443215d79f039c4231.38)
          10de90           10de90       10     8 .data.rel.ro..Lanon.5c1bcb1d07bdf0443215d79f039c4231.40
          10de90           10de90       10     8         /home/totsugeki/workspace/hobby/htos/target/x64/release/deps/htkernel-3b0038f950045c0a.htkernel.67fc6965-cgu.0.rcgu.o:(.data.rel.ro..Lanon.5c1bcb1d07bdf0443215d79f039c4231.40)
          10dea0           10dea0       18     8 .data.rel.ro..Lanon.5c1bcb1d07bdf0443215d79f039c4231.41
          10dea0           10dea0       18     8         /home/totsugeki/workspace/hobby/htos/target/x64/release/deps/htkernel-3b0038f950045c0a.htkernel.67fc6965-cgu.0.rcgu.o:(.data.rel.ro..Lanon.5c1bcb1d07bdf0443215d79f039c4231.41)
          10deb8           10deb8       20     8 .data.rel.ro..Lanon.5c1bcb1d07bdf0443215d79f039c4231.44
          10deb8           10deb8       20     8         /home/totsugeki/workspace/hobby/htos/target/x64/release/deps/htkernel-3b0038f950045c0a.htkernel.67fc6965-cgu.0.rcgu.o:(.data.rel.ro..Lanon.5c1bcb1d07bdf0443215d79f039c4231.44)
          10ded8           10ded8       18     8 .data.rel.ro..Lanon.5c1bcb1d07bdf0443215d79f039c4231.46
          10ded8           10ded8       18     8         /home/totsugeki/workspace/hobby/htos/target/x64/release/deps/htkernel-3b0038f950045c0a.htkernel.67fc6965-cgu.0.rcgu.o:(.data.rel.ro..Lanon.5c1bcb1d07bdf0443215d79f039c4231.46)
          10def0           10def0       20     8 .data.rel.ro..Lanon.5c1bcb1d07bdf0443215d79f039c4231.48
          10def0           10def0       20     8         /home/totsugeki/workspace/hobby/htos/target/x64/release/deps/htkernel-3b0038f950045c0a.htkernel.67fc6965-cgu.0.rcgu.o:(.data.rel.ro..Lanon.5c1bcb1d07bdf0443215d79f039c4231.48)
          10df10           10df10       18     8 .data.rel.ro..Lanon.5c1bcb1d07bdf0443215d79f039c4231.50
          10df10           10df10       18     8         /home/totsugeki/workspace/hobby/htos/target/x64/release/deps/htkernel-3b0038f950045c0a.htkernel.67fc6965-cgu.0.rcgu.o:(.data.rel.ro..Lanon.5c1bcb1d07bdf0443215d79f039c4231.50)
          10df28           10df28       10     8 .data.rel.ro..Lanon.5c1bcb1d07bdf0443215d79f039c4231.52
          10df28           10df28       10     8         /home/totsugeki/workspace/hobby/htos/target/x64/release/deps/htkernel-3b0038f950045c0a.htkernel.67fc6965-cgu.0.rcgu.o:(.data.rel.ro..Lanon.5c1bcb1d07bdf0443215d79f039c4231.52)
          10df38           10df38       18     8 .data.rel.ro..Lanon.5c1bcb1d07bdf0443215d79f039c4231.53
          10df38           10df38       18     8         /home/totsugeki/workspace/hobby/htos/target/x64/release/deps/htkernel-3b0038f950045c0a.htkernel.67fc6965-cgu.0.rcgu.o:(.data.rel.ro..Lanon.5c1bcb1d07bdf0443215d79f039c4231.53)
          10df50           10df50       10     8 .data.rel.ro..Lanon.5c1bcb1d07bdf0443215d79f039c4231.55
          10df50           10df50       10     8         /home/totsugeki/workspace/hobby/htos/target/x64/release/deps/htkernel-3b0038f950045c0a.htkernel.67fc6965-cgu.0.rcgu.o:(.data.rel.ro..Lanon.5c1bcb1d07bdf0443215d79f039c4231.55)
          10df60           10df60       10     8 .data.rel.ro..Lanon.7e63609a1a580db8e1e66f8ab61ad63b.131
          10df60           10df60       10     8         /home/totsugeki/workspace/hobby/htos/target/x64/release/deps/htkernel-3b0038f950045c0a.htkernel.67fc6965-cgu.0.rcgu.o:(.data.rel.ro..Lanon.7e63609a1a580db8e1e66f8ab61ad63b.131)
          10df70           10df70       30     8 .data.rel.ro..Lanon.7e63609a1a580db8e1e66f8ab61ad63b.165
          10df70           10df70       30     8         /home/totsugeki/workspace/hobby/htos/target/x64/release/deps/htkernel-3b0038f950045c0a.htkernel.67fc6965-cgu.0.rcgu.o:(.data.rel.ro..Lanon.7e63609a1a580db8e1e66f8ab61ad63b.165)
          10dfa0           10dfa0       20     8 .data.rel.ro..Lanon.7e63609a1a580db8e1e66f8ab61ad63b.166
[...]
          10e248           10e248       18     8         /home/totsugeki/workspace/hobby/htos/target/x64/release/deps/htkernel-3b0038f950045c0a.htkernel.67fc6965-cgu.0.rcgu.o:(.data.rel.ro..Lanon.7e63609a1a580db8e1e66f8ab61ad63b.364)
          10e260           10e260       18     8 .data.rel.ro..Lanon.7e63609a1a580db8e1e66f8ab61ad63b.365
          10e260           10e260       18     8         /home/totsugeki/workspace/hobby/htos/target/x64/release/deps/htkernel-3b0038f950045c0a.htkernel.67fc6965-cgu.0.rcgu.o:(.data.rel.ro..Lanon.7e63609a1a580db8e1e66f8ab61ad63b.365)
          10e278           10e278       18     8 .data.rel.ro..Lanon.7e63609a1a580db8e1e66f8ab61ad63b.366
          10e278           10e278       18     8         /home/totsugeki/workspace/hobby/htos/target/x64/release/deps/htkernel-3b0038f950045c0a.htkernel.67fc6965-cgu.0.rcgu.o:(.data.rel.ro..Lanon.7e63609a1a580db8e1e66f8ab61ad63b.366)
          10e290           10e290       20     8 .data.rel.ro..Lanon.cb97baa4571f0567850462c19c6bde7e.5
          10e290           10e290       20     8         /home/totsugeki/workspace/hobby/htos/target/x64/release/deps/htkernel-3b0038f950045c0a.htkernel.67fc6965-cgu.0.rcgu.o:(.data.rel.ro..Lanon.cb97baa4571f0567850462c19c6bde7e.5)
          10e2b0           10e2b0       20     8 .data.rel.ro..Lanon.cb97baa4571f0567850462c19c6bde7e.8
          10e2b0           10e2b0       20     8         /home/totsugeki/workspace/hobby/htos/target/x64/release/deps/htkernel-3b0038f950045c0a.htkernel.67fc6965-cgu.0.rcgu.o:(.data.rel.ro..Lanon.cb97baa4571f0567850462c19c6bde7e.8)
          10e2d0           10e2d0       18     8 .data.rel.ro..Lanon.cb97baa4571f0567850462c19c6bde7e.11
          10e2d0           10e2d0       18     8         /home/totsugeki/workspace/hobby/htos/target/x64/release/deps/htkernel-3b0038f950045c0a.htkernel.67fc6965-cgu.0.rcgu.o:(.data.rel.ro..Lanon.cb97baa4571f0567850462c19c6bde7e.11)
          10e2e8           10e2e8       10     8 .data.rel.ro..Lanon.cb97baa4571f0567850462c19c6bde7e.14
          10e2e8           10e2e8       10     8         /home/totsugeki/workspace/hobby/htos/target/x64/release/deps/htkernel-3b0038f950045c0a.htkernel.67fc6965-cgu.0.rcgu.o:(.data.rel.ro..Lanon.cb97baa4571f0567850462c19c6bde7e.14)
          10e2f8           10e2f8       20     8 .data.rel.ro..Lanon.cb97baa4571f0567850462c19c6bde7e.16
          10e2f8           10e2f8       20     8         /home/totsugeki/workspace/hobby/htos/target/x64/release/deps/htkernel-3b0038f950045c0a.htkernel.67fc6965-cgu.0.rcgu.o:(.data.rel.ro..Lanon.cb97baa4571f0567850462c19c6bde7e.16)
          10e318           10e318       20     8 .data.rel.ro..Lanon.cb97baa4571f0567850462c19c6bde7e.33
          10e318           10e318       20     8         /home/totsugeki/workspace/hobby/htos/target/x64/release/deps/htkernel-3b0038f950045c0a.htkernel.67fc6965-cgu.0.rcgu.o:(.data.rel.ro..Lanon.cb97baa4571f0567850462c19c6bde7e.33)
          10e338           10e338       20     8 .data.rel.ro..Lanon.cb97baa4571f0567850462c19c6bde7e.35
          10e338           10e338       20     8         /home/totsugeki/workspace/hobby/htos/target/x64/release/deps/htkernel-3b0038f950045c0a.htkernel.67fc6965-cgu.0.rcgu.o:(.data.rel.ro..Lanon.cb97baa4571f0567850462c19c6bde7e.35)
          10e358           10e358       20     8 .data.rel.ro..Lanon.cb97baa4571f0567850462c19c6bde7e.37
          10e358           10e358       20     8         /home/totsugeki/workspace/hobby/htos/target/x64/release/deps/htkernel-3b0038f950045c0a.htkernel.67fc6965-cgu.0.rcgu.o:(.data.rel.ro..Lanon.cb97baa4571f0567850462c19c6bde7e.37)
          10e378           10e378       20     8 .data.rel.ro..Lanon.cb97baa4571f0567850462c19c6bde7e.69
          10e378           10e378       20     8         /home/totsugeki/workspace/hobby/htos/target/x64/release/deps/htkernel-3b0038f950045c0a.htkernel.67fc6965-cgu.0.rcgu.o:(.data.rel.ro..Lanon.cb97baa4571f0567850462c19c6bde7e.69)
          10e398           10e398       20     8 .data.rel.ro..Lanon.cb97baa4571f0567850462c19c6bde7e.71
          10e398           10e398       20     8         /home/totsugeki/workspace/hobby/htos/target/x64/release/deps/htkernel-3b0038f950045c0a.htkernel.67fc6965-cgu.0.rcgu.o:(.data.rel.ro..Lanon.cb97baa4571f0567850462c19c6bde7e.71)
          10e3b8           10e3b8      810     8 .bss._ZN8htkernel6screen6WRITER17h9f34890fafce45acE
          10e3b8           10e3b8      810     8         /home/totsugeki/workspace/hobby/htos/target/x64/release/deps/htkernel-3b0038f950045c0a.htkernel.67fc6965-cgu.0.rcgu.o:(.bss._ZN8htkernel6screen6WRITER17h9f34890fafce45acE)
          10e3b8           10e3b8      810     1                 htkernel::screen::WRITER::h9f34890fafce45ac
          10ebc8           10ebc8       69     1 .bss._ZN8htkernel4arch3x643gdt3TSS17h7dfb24d8e36733f2E
          10ebc8           10ebc8       69     1         /home/totsugeki/workspace/hobby/htos/target/x64/release/deps/htkernel-3b0038f950045c0a.htkernel.67fc6965-cgu.0.rcgu.o:(.bss._ZN8htkernel4arch3x643gdt3TSS17h7dfb24d8e36733f2E)
          10ebc8           10ebc8       69     1                 htkernel::arch::x64::gdt::TSS::h7dfb24d8e36733f2
               0                0      248     1 .stack_sizes
               0                0        9     1         /home/totsugeki/workspace/hobby/htos/target/x64/release/deps/htkernel-3b0038f950045c0a.htkernel.67fc6965-cgu.0.rcgu.o:(.stack_sizes)
               9                9        9     1         /home/totsugeki/workspace/hobby/htos/target/x64/release/deps/htkernel-3b0038f950045c0a.htkernel.67fc6965-cgu.0.rcgu.o:(.stack_sizes)
              12               12        a     1         /home/totsugeki/workspace/hobby/htos/target/x64/release/deps/htkernel-3b0038f950045c0a.htkernel.67fc6965-cgu.0.rcgu.o:(.stack_sizes)
              1c               1c        9     1         /home/totsugeki/workspace/hobby/htos/target/x64/release/deps/htkernel-3b0038f950045c0a.htkernel.67fc6965-cgu.0.rcgu.o:(.stack_sizes)
              25               25        9     1         /home/totsugeki/workspace/hobby/htos/target/x64/release/deps/htkernel-3b0038f950045c0a.htkernel.67fc6965-cgu.0.rcgu.o:(.stack_sizes)
              2e               2e        9     1         /home/totsugeki/workspace/hobby/htos/target/x64/release/deps/htkernel-3b0038f950045c0a.htkernel.67fc6965-cgu.0.rcgu.o:(.stack_sizes)
              37               37        9     1         /home/totsugeki/workspace/hobby/htos/target/x64/release/deps/htkernel-3b0038f950045c0a.htkernel.67fc6965-cgu.0.rcgu.o:(.stack_sizes)
              40               40        9     1         /home/totsugeki/workspace/hobby/htos/target/x64/release/deps/htkernel-3b0038f950045c0a.htkernel.67fc6965-cgu.0.rcgu.o:(.stack_sizes)
              49               49        9     1         /home/totsugeki/workspace/hobby/htos/target/x64/release/deps/htkernel-3b0038f950045c0a.htkernel.67fc6965-cgu.0.rcgu.o:(.stack_sizes)
              52               52        9     1         /home/totsugeki/workspace/hobby/htos/target/x64/release/deps/htkernel-3b0038f950045c0a.htkernel.67fc6965-cgu.0.rcgu.o:(.stack_sizes)
              5b               5b        a     1         /home/totsugeki/workspace/hobby/htos/target/x64/release/deps/htkernel-3b0038f950045c0a.htkernel.67fc6965-cgu.0.rcgu.o:(.stack_sizes)
              65               65        a     1         /home/totsugeki/workspace/hobby/htos/target/x64/release/deps/htkernel-3b0038f950045c0a.htkernel.67fc6965-cgu.0.rcgu.o:(.stack_sizes)
              6f               6f        a     1         /home/totsugeki/workspace/hobby/htos/target/x64/release/deps/htkernel-3b0038f950045c0a.htkernel.67fc6965-cgu.0.rcgu.o:(.stack_sizes)
              79               79        a     1         /home/totsugeki/workspace/hobby/htos/target/x64/release/deps/htkernel-3b0038f950045c0a.htkernel.67fc6965-cgu.0.rcgu.o:(.stack_sizes)
              83               83        a     1         /home/totsugeki/workspace/hobby/htos/target/x64/release/deps/htkernel-3b0038f950045c0a.htkernel.67fc6965-cgu.0.rcgu.o:(.stack_sizes)
              8d               8d        a     1         /home/totsugeki/workspace/hobby/htos/target/x64/release/deps/htkernel-3b0038f950045c0a.htkernel.67fc6965-cgu.0.rcgu.o:(.stack_sizes)
              97               97        a     1         /home/totsugeki/workspace/hobby/htos/target/x64/release/deps/htkernel-3b0038f950045c0a.htkernel.67fc6965-cgu.0.rcgu.o:(.stack_sizes)
              a1               a1        a     1         /home/totsugeki/workspace/hobby/htos/target/x64/release/deps/htkernel-3b0038f950045c0a.htkernel.67fc6965-cgu.0.rcgu.o:(.stack_sizes)
              ab               ab        a     1         /home/totsugeki/workspace/hobby/htos/target/x64/release/deps/htkernel-3b0038f950045c0a.htkernel.67fc6965-cgu.0.rcgu.o:(.stack_sizes)
              b5               b5        9     1         /home/totsugeki/workspace/hobby/htos/target/x64/release/deps/htkernel-3b0038f950045c0a.htkernel.67fc6965-cgu.0.rcgu.o:(.stack_sizes)
              be               be        9     1         /home/totsugeki/workspace/hobby/htos/target/x64/release/deps/htkernel-3b0038f950045c0a.htkernel.67fc6965-cgu.0.rcgu.o:(.stack_sizes)
              c7               c7        9     1         /home/totsugeki/workspace/hobby/htos/target/x64/release/deps/htkernel-3b0038f950045c0a.htkernel.67fc6965-cgu.0.rcgu.o:(.stack_sizes)
              d0               d0        9     1         /home/totsugeki/workspace/hobby/htos/target/x64/release/deps/htkernel-3b0038f950045c0a.htkernel.67fc6965-cgu.0.rcgu.o:(.stack_sizes)
              d9               d9        9     1         /home/totsugeki/workspace/hobby/htos/target/x64/release/deps/htkernel-3b0038f950045c0a.htkernel.67fc6965-cgu.0.rcgu.o:(.stack_sizes)
              e2               e2        9     1         /home/totsugeki/workspace/hobby/htos/target/x64/release/deps/htkernel-3b0038f950045c0a.htkernel.67fc6965-cgu.0.rcgu.o:(.stack_sizes)
              eb               eb        9     1         /home/totsugeki/workspace/hobby/htos/target/x64/release/deps/htkernel-3b0038f950045c0a.htkernel.67fc6965-cgu.0.rcgu.o:(.stack_sizes)
              f4               f4        9     1         /home/totsugeki/workspace/hobby/htos/target/x64/release/deps/htkernel-3b0038f950045c0a.htkernel.67fc6965-cgu.0.rcgu.o:(.stack_sizes)
              fd               fd        9     1         /home/totsugeki/workspace/hobby/htos/target/x64/release/deps/htkernel-3b0038f950045c0a.htkernel.67fc6965-cgu.0.rcgu.o:(.stack_sizes)
             106              106        9     1         /home/totsugeki/workspace/hobby/htos/target/x64/release/deps/htkernel-3b0038f950045c0a.htkernel.67fc6965-cgu.0.rcgu.o:(.stack_sizes)
             10f              10f        9     1         /home/totsugeki/workspace/hobby/htos/target/x64/release/deps/htkernel-3b0038f950045c0a.htkernel.67fc6965-cgu.0.rcgu.o:(.stack_sizes)
             118              118        9     1         /home/totsugeki/workspace/hobby/htos/target/x64/release/deps/htkernel-3b0038f950045c0a.htkernel.67fc6965-cgu.0.rcgu.o:(.stack_sizes)
             121              121        9     1         /home/totsugeki/workspace/hobby/htos/target/x64/release/deps/htkernel-3b0038f950045c0a.htkernel.67fc6965-cgu.0.rcgu.o:(.stack_sizes)
             12a              12a        9     1         /home/totsugeki/workspace/hobby/htos/target/x64/release/deps/htkernel-3b0038f950045c0a.htkernel.67fc6965-cgu.0.rcgu.o:(.stack_sizes)
             133              133        9     1         /home/totsugeki/workspace/hobby/htos/target/x64/release/deps/htkernel-3b0038f950045c0a.htkernel.67fc6965-cgu.0.rcgu.o:(.stack_sizes)
             13c              13c        9     1         /home/totsugeki/workspace/hobby/htos/target/x64/release/deps/htkernel-3b0038f950045c0a.htkernel.67fc6965-cgu.0.rcgu.o:(.stack_sizes)
             145              145        9     1         /home/totsugeki/workspace/hobby/htos/target/x64/release/deps/htkernel-3b0038f950045c0a.htkernel.67fc6965-cgu.0.rcgu.o:(.stack_sizes)
             14e              14e        9     1         /home/totsugeki/workspace/hobby/htos/target/x64/release/deps/htkernel-3b0038f950045c0a.htkernel.67fc6965-cgu.0.rcgu.o:(.stack_sizes)
             157              157        9     1         /home/totsugeki/workspace/hobby/htos/target/x64/release/deps/htkernel-3b0038f950045c0a.htkernel.67fc6965-cgu.0.rcgu.o:(.stack_sizes)
             160              160        9     1         /home/totsugeki/workspace/hobby/htos/target/x64/release/deps/htkernel-3b0038f950045c0a.htkernel.67fc6965-cgu.0.rcgu.o:(.stack_sizes)
             169              169        a     1         /home/totsugeki/workspace/hobby/htos/target/x64/release/deps/htkernel-3b0038f950045c0a.htkernel.67fc6965-cgu.0.rcgu.o:(.stack_sizes)
             173              173        9     1         /home/totsugeki/workspace/hobby/htos/target/x64/release/deps/htkernel-3b0038f950045c0a.htkernel.67fc6965-cgu.0.rcgu.o:(.stack_sizes)
             17c              17c        a     1         /home/totsugeki/workspace/hobby/htos/target/x64/release/deps/htkernel-3b0038f950045c0a.htkernel.67fc6965-cgu.0.rcgu.o:(.stack_sizes)
             186              186        9     1         /home/totsugeki/workspace/hobby/htos/target/x64/release/deps/htkernel-3b0038f950045c0a.htkernel.67fc6965-cgu.0.rcgu.o:(.stack_sizes)
             18f              18f        a     1         /home/totsugeki/workspace/hobby/htos/target/x64/release/deps/htkernel-3b0038f950045c0a.htkernel.67fc6965-cgu.0.rcgu.o:(.stack_sizes)
             199              199        9     1         /home/totsugeki/workspace/hobby/htos/target/x64/release/deps/htkernel-3b0038f950045c0a.htkernel.67fc6965-cgu.0.rcgu.o:(.stack_sizes)
             1a2              1a2        9     1         /home/totsugeki/workspace/hobby/htos/target/x64/release/deps/htkernel-3b0038f950045c0a.htkernel.67fc6965-cgu.0.rcgu.o:(.stack_sizes)
             1ab              1ab        9     1         /home/totsugeki/workspace/hobby/htos/target/x64/release/deps/htkernel-3b0038f950045c0a.htkernel.67fc6965-cgu.0.rcgu.o:(.stack_sizes)
             1b4              1b4        9     1         /home/totsugeki/workspace/hobby/htos/target/x64/release/deps/htkernel-3b0038f950045c0a.htkernel.67fc6965-cgu.0.rcgu.o:(.stack_sizes)
             1bd              1bd        9     1         /home/totsugeki/workspace/hobby/htos/target/x64/release/deps/htkernel-3b0038f950045c0a.htkernel.67fc6965-cgu.0.rcgu.o:(.stack_sizes)
             1c6              1c6        a     1         /home/totsugeki/workspace/hobby/htos/target/x64/release/deps/htkernel-3b0038f950045c0a.htkernel.67fc6965-cgu.0.rcgu.o:(.stack_sizes)
             1d0              1d0        9     1         /home/totsugeki/workspace/hobby/htos/target/x64/release/deps/htkernel-3b0038f950045c0a.htkernel.67fc6965-cgu.0.rcgu.o:(.stack_sizes)
             1d9              1d9        9     1         /home/totsugeki/workspace/hobby/htos/target/x64/release/deps/htkernel-3b0038f950045c0a.htkernel.67fc6965-cgu.0.rcgu.o:(.stack_sizes)
             1e2              1e2        a     1         /home/totsugeki/workspace/hobby/htos/target/x64/release/deps/htkernel-3b0038f950045c0a.htkernel.67fc6965-cgu.0.rcgu.o:(.stack_sizes)
             1ec              1ec        9     1         /home/totsugeki/workspace/hobby/htos/target/x64/release/deps/htkernel-3b0038f950045c0a.htkernel.67fc6965-cgu.0.rcgu.o:(.stack_sizes)
             1f5              1f5        9     1         /home/totsugeki/workspace/hobby/htos/target/x64/release/deps/htkernel-3b0038f950045c0a.htkernel.67fc6965-cgu.0.rcgu.o:(.stack_sizes)
             1fe              1fe        9     1         /home/totsugeki/workspace/hobby/htos/target/x64/release/deps/htkernel-3b0038f950045c0a.htkernel.67fc6965-cgu.0.rcgu.o:(.stack_sizes)
             207              207        9     1         /home/totsugeki/workspace/hobby/htos/target/x64/release/deps/htkernel-3b0038f950045c0a.htkernel.67fc6965-cgu.0.rcgu.o:(.stack_sizes)
             210              210        a     1         /home/totsugeki/workspace/hobby/htos/target/x64/release/deps/htkernel-3b0038f950045c0a.htkernel.67fc6965-cgu.0.rcgu.o:(.stack_sizes)
             21a              21a        9     1         /home/totsugeki/workspace/hobby/htos/target/x64/release/deps/htkernel-3b0038f950045c0a.htkernel.67fc6965-cgu.0.rcgu.o:(.stack_sizes)
             223              223        9     1         /home/totsugeki/workspace/hobby/htos/target/x64/release/deps/htkernel-3b0038f950045c0a.htkernel.67fc6965-cgu.0.rcgu.o:(.stack_sizes)
             22c              22c        a     1         /home/totsugeki/workspace/hobby/htos/target/x64/release/deps/htkernel-3b0038f950045c0a.htkernel.67fc6965-cgu.0.rcgu.o:(.stack_sizes)
             236              236        9     1         /home/totsugeki/workspace/hobby/htos/target/x64/release/deps/htkernel-3b0038f950045c0a.htkernel.67fc6965-cgu.0.rcgu.o:(.stack_sizes)
             23f              23f        9     1         /home/totsugeki/workspace/hobby/htos/target/x64/release/deps/htkernel-3b0038f950045c0a.htkernel.67fc6965-cgu.0.rcgu.o:(.stack_sizes)
               0                0      1d9     1 .debug_abbrev
               0                0      1d9     1         /home/totsugeki/workspace/hobby/htos/target/x64/release/deps/htkernel-3b0038f950045c0a.htkernel.67fc6965-cgu.0.rcgu.o:(.debug_abbrev)
               0                0     640b     1 .debug_info
               0                0     640b     1         /home/totsugeki/workspace/hobby/htos/target/x64/release/deps/htkernel-3b0038f950045c0a.htkernel.67fc6965-cgu.0.rcgu.o:(.debug_info)
               0                0      410     1 .debug_aranges
               0                0      410     1         /home/totsugeki/workspace/hobby/htos/target/x64/release/deps/htkernel-3b0038f950045c0a.htkernel.67fc6965-cgu.0.rcgu.o:(.debug_aranges)
               0                0     3820     1 .debug_ranges
               0                0     3820     1         /home/totsugeki/workspace/hobby/htos/target/x64/release/deps/htkernel-3b0038f950045c0a.htkernel.67fc6965-cgu.0.rcgu.o:(.debug_ranges)
               0                0     b9ed     1 .debug_str
               0                0     b9ed     1         <internal>:(.debug_str)
               0                0     3004     1 .debug_pubnames
               0                0     3004     1         /home/totsugeki/workspace/hobby/htos/target/x64/release/deps/htkernel-3b0038f950045c0a.htkernel.67fc6965-cgu.0.rcgu.o:(.debug_pubnames)
               0                0       12     1 .debug_pubtypes
               0                0       12     1         /home/totsugeki/workspace/hobby/htos/target/x64/release/deps/htkernel-3b0038f950045c0a.htkernel.67fc6965-cgu.0.rcgu.o:(.debug_pubtypes)
               0                0      b88     8 .debug_frame
               0                0      b88     8         /home/totsugeki/workspace/hobby/htos/target/x64/release/deps/htkernel-3b0038f950045c0a.htkernel.67fc6965-cgu.0.rcgu.o:(.debug_frame)
               0                0     5cad     1 .debug_line
               0                0     5cad     1         /home/totsugeki/workspace/hobby/htos/target/x64/release/deps/htkernel-3b0038f950045c0a.htkernel.67fc6965-cgu.0.rcgu.o:(.debug_line)
               0                0       13     1 .comment
               0                0       13     1         <internal>:(.comment)
               0                0      6f0     8 .symtab
               0                0      6f0     8         <internal>:(.symtab)
               0                0     3909     1 .shstrtab
               0                0     3909     1         <internal>:(.shstrtab)
               0                0     14af     1 .strtab
               0                0     14af     1         <internal>:(.strtab)
